suddenly that alice had not a moment to think about stopping herself before she found herself falling down a very
