was walking hand in hand with dinah and saying to her very earnestly now dinah tell me the truth did you ever eat a bat
