glad there was no one listening this time as it didnt sound at all
