please maam is this new zealand or australia and she tried to curtsey as she spokefancy curtseying as youre falling through the air do you think you could
