presently she began again i wonder if i shall fall right through the earth how funny itll seem to come out among the people that walk with their heads downward the antipathies i think she was rather
