to listen to her still it was good practice to say it over yes thats about the right distancebut then i wonder what latitude or longitude ive got to alice had no idea what latitude
