dear i wish you were down here with me there are no mice in the air im afraid but you might catch a bat and thats very like a mouse you know but do cats eat bats i wonder
