manage it and what an ignorant little girl shell think me for asking no itll never do to ask perhaps i shall see it written up somewhere down down down there was nothing else to do so alice soon began talking again dinahll miss me very
