Small
Small
Large
Large
Small
Small
Small
Small
Small
Small
Small
Small
Small
