Large
Large
Large
Large
Large
Large
Small
Large
Large
Large
Small
Small
Large
Large
Large
Small
Small
Large
Small
Small
Small
Small
Small
Large
Large
Large
Small
Small
Small
Small
Large
Large
Large
Large
Large
Large
Large
