both
both
both
both
both
both
both
one
both
both
both
both
both
both
both
both
both
both
both
both
both
both
both
both
both
both
both
both
both
both
one
both
both
both
both
both
one
both
both
both
both
both
both
both
both
both
one
both
both
both
both
both
both
both
one
both
one
both
both
both
both
both
both
both
both
both
one
both
both
both
both
both
both
one
both
one
one
both
one
both
both
both
both
both
both
both
both
both
both
both
one
both
zero
zero
both
both
both
both
both
both
both
one
both
both
both
both
both
both
both
both
both
both
both
both
both
both
both
both
both
both
both
both
both
both
both
both
both
one
both
both
both
both
both
both
both
both
both
both
both
both
