both
both
one
both
both
both
both
both
both
both
one
both
both
both
both
both
zero
zero
both
both
both
both
zero
both
both
both
both
one
both
both
one
both
both
zero
both
both
both
both
both
both
both
both
one
both
one
both
both
one
zero
zero
both
both
one
both
both
zero
both
both
both
zero
zero
both
both
both
zero
one
one
both
both
zero
both
both
one
both
zero
both
both
one
both
zero
one
both
both
one
one
both
both
both
zero
both
both
both
both
zero
zero
both
both
both
both
one
zero
both
both
both
both
both
one
both
zero
both
both
both
both
both
both
one
both
one
both
zero
both
both
both
both
both
zero
both
both
both
both
both
both
both
both
both
both
both
both
zero
both
both
both
both
both
both
both
both
zero
both
both
both
both
both
both
zero
both
both
one
both
both
both
zero
one
both
both
both
one
both
zero
both
both
zero
zero
both
both
both
both
zero
both
both
both
both
zero
both
both
one
both
one
both
both
both
both
both
both
both
zero
both
both
both
one
zero
both
both
both
both
both
both
both
zero
both
both
both
zero
zero
zero
both
both
both
both
zero
both
both
both
both
both
both
both
zero
one
one
both
zero
both
both
both
both
both
both
both
both
both
both
both
both
one
zero
both
both
one
both
both
both
zero
both
both
both
both
one
both
one
both
both
both
zero
both
both
both
both
both
both
both
both
both
both
both
both
zero
both
both
both
one
both
both
zero
both
both
zero
one
zero
both
both
zero
one
both
both
both
both
both
one
both
both
both
one
both
both
both
zero
both
both
one
both
both
both
one
both
both
both
one
zero
both
zero
both
one
one
zero
both
both
both
one
zero
both
both
one
both
one
both
one
both
zero
both
both
both
both
both
both
zero
zero
both
both
both
zero
both
zero
both
both
one
both
both
both
one
zero
zero
both
both
both
both
both
one
both
both
zero
both
both
both
both
both
both
both
both
both
both
both
zero
both
