n           = 902
phi(n)      = 400
phi(n)/n    = 0.44346
