n           = 973
phi(n)      = 828
phi(n)/n    = 0.85098
