n           = 962626
phi(n)      = 398160
phi(n)/n    = 0.41362
15-bit test = 0.41357
