n           = 2147483647
phi(n)      = 2147483646
phi(n)/n    = 1.00000
15-bit test = 1.00000
