n           = 2343747556
phi(n)      = 1148540640
phi(n)/n    = 0.49004
15-bit test = 0.49005
