astonmartin bufori hummer accent amanti rangerover solara maserati allure rangerover accord eclipse
