opel chery citroen subaru porsche landrover rio proton escape amanti rabbit matrix maserati citroen rav altima lanver altima amanti taurus highlander corolla accord daihatsu abarth renault maserati tata accent ssangyong citroen rangerover sorento sorento isuzu mercedesbenz daihatsu escape civic 4runner greatwall convertible bolwell bufori volvo fiat isuzu maserati montecarlo bedford rabbit pacifica rabbit renault skoda sportage greatwall jeep dodge sorento proton greatwall proton wagon suzuki stratus bufori
