mitsubishi lanver rangerover rolls-royce citroen subaru sequoia sedona rangerover saab fiat daihatsu camry trailblazer expedition elantra isuzu quattro sorento tucson jeep proton chevrolet cabriolet escalade amanti hino commander lotus camry 4runner avant chery stratus pickup ssangyong civic daihatsu endeavor endeavor saab sienna zephyr equinox greatwall terraza jaguar daewoo stratus wagon alfaromeo volvo subaru tucson prius endeavor stratus murano wrangler mini escape skoda sedona ssangyong accent sebring quattro caravan abarth durango wrangler tata rabbit lexus daihatsu scion abarth solara montecarlo hummer
