tacoma subaru rolls-royce sportage bentley tucson volvo scion montecarlo montecarlo highlander amanti elantra prius toyota daewoo porsche allure sebring daewoo accent rolls-royce lotus escalade camry chery wagon rolls-royce optima accent citroen cabriolet optima escape saab avalon caterham lotus ssangyong opel bentley explorer tacoma tata avant austin escalade sienna wagon escalade sebring civic trailblazer bufori toyota altima rolls-royce sorento camry suzuki azera hino bufori eclipse civic montecarlo cadillac cabriolet rav volvo escape spectra allure escalade altima quattro tacoma opel viper ssangyong jaguar abarth
