bufori hummer mini elantra solara subaru convertible isuzu lanver avalon skoda citroen convertible hino geely endeavor greatwall caravan scion lanver rabbit lanver citroen geely fiat caterham corolla avant solara cabriolet landrover renault stratus spectra greatwall solara endeavor scion accent armada chery avant zephyr lexus cayman cadillac scion daewoo highlander altima civic equinox cadillac escalade citroen chevrolet citroen renault mercedesbenz viper solara explorer hummer porsche scion solara lexus highlander civic taurus optima sportage eclipse saab toyota equinox renault tundra daihatsu stratus prius jeep alfaromeo lanver terraza spectra daewoo volvo ssangyong expedition bolwell sequoia viper maserati lexus scion scion taurus cabriolet stratus escalade amanti saab porsche explorer escalade tundra bedford rav jaguar cabriolet civic boxster fiat proton
