cayenne explorer highlander terraza chrysler jeep cayenne eclipse saab eclipse taurus elantra taurus zephyr tacoma caravan murano spyker greatwall bolwell renault rio elantra quattro maserati camry mitsubishi austin subaru ssangyong altima renault zephyr cayenne chevrolet cadillac daewoo renault caterham tacoma spectra expedition citroen accord camry chery equinox mercedesbenz zephyr daihatsu pickup explorer chevrolet corolla caravan alfaromeo dodge infiniti caterham suzuki optima amanti geely rolls-royce renault wagon porsche isuzu saab cayman azera optima wagon austin opel pacifica trailblazer highlander accord solara pacifica wrangler avant abarth azera accord wagon volvo chrysler caterham cabriolet daihatsu amanti volvo optima wagon azera sienna avant citroen amanti maserati sequoia spectra toyota daihatsu caterham 4runner sorento azera scion toyota armada tacoma caterham chery accent
