citroen civic escape trailblazer skoda matrix coupe dodge greatwall sequoia bedford elantra geely proton jeep wrangler rabbit amanti azera azera viper cabriolet civic daihatsu explorer eclipse citroen porsche azera infiniti skoda tacoma dodge highlander quattro daewoo trailblazer durango isuzu skoda spyker mitsubishi proton mitsubishi greatwall tata daihatsu convertible zephyr sebring explorer prius boxster highlander suzuki tata tucson isuzu rabbit taurus spectra hummer equinox sorento lotus coupe pickup dodge mercedesbenz austin opel bolwell altima saab prius matrix tata rio saab mini opel isuzu 4runner jeep stratus prius ssangyong escape wagon amanti tacoma opel renault chrysler convertible fiat abarth sequoia toyota rio coupe optima ssangyong proton allure altima pickup astonmartin fiat solara sorento quattro cayman corolla jaguar caravan bolwell mini civic armada porsche rio pacifica camry
