sienna avant cadillac landrover equinox jeep rolls-royce sportage volvo mini citroen lexus rolls-royce greatwall matrix cayman isuzu armada chery saab sorento prius landrover caterham elantra chery jaguar rabbit tata landrover convertible mercedesbenz lotus durango cayman escape chrysler lotus 4runner rangerover endeavor astonmartin saab terraza bentley bentley chevrolet trailblazer chrysler subaru elantra wrangler escalade cabriolet highlander scion tundra astonmartin chery boxster lanver taurus tundra geely solara endeavor skoda fiat mini isuzu montecarlo jaguar prius amanti pacifica chevrolet infiniti escalade citroen bufori expedition mini tacoma durango rav jeep bentley spyker skoda cadillac escalade durango commander sportage durango equinox caravan renault abarth daewoo toyota renault chevrolet rabbit opel stratus tacoma murano accent wrangler porsche tundra chevrolet stratus explorer chery
