toyota lexus mini fiat tucson wagon tacoma daewoo astonmartin sienna ssangyong hummer quattro proton durango abarth chrysler toyota greatwall viper renault daihatsu astonmartin convertible opel allure armada caravan highlander hummer sequoia rolls-royce equinox greatwall chrysler zephyr sequoia camry corolla lanver explorer coupe citroen caravan elantra maserati chery cabriolet chrysler altima allure zephyr rolls-royce azera abarth mini greatwall chevrolet allure opel mitsubishi wagon austin escape zephyr mitsubishi pickup alfaromeo renault astonmartin tata prius geely sportage alfaromeo azera wrangler jaguar accord stratus bolwell scion altima subaru spyker boxster subaru austin chrysler wrangler cayenne toyota hino greatwall suzuki armada caravan sebring lotus opel escalade hummer taurus prius azera cayenne austin mitsubishi toyota maserati lotus toyota opel proton terraza spyker caravan murano sedona trailblazer renault viper sebring camry daewoo viper
