mercedesbenz matrix sedona rav eclipse greatwall spyker abarth renault elantra rav accord solara caterham alfaromeo sequoia armada landrover altima expedition suzuki dodge rangerover mercedesbenz montecarlo jeep avant camry camry proton quattro highlander quattro tundra murano wrangler pickup hummer renault pacifica volvo commander lanver mini ssangyong bufori allure armada lanver corolla montecarlo armada suzuki solara sportage matrix bolwell tucson sorento viper mercedesbenz highlander isuzu wrangler fiat alfaromeo viper camry armada maserati mitsubishi tundra rolls-royce bolwell cayenne stratus caravan coupe quattro sebring lanver civic matrix infiniti fiat cayman rio spyker rangerover jeep subaru convertible mercedesbenz corolla fiat avant civic viper scion convertible expedition accord cadillac montecarlo greatwall quattro daihatsu bedford bolwell accord suzuki highlander hino hino austin chery escalade expedition sienna azera tucson rangerover avant elantra matrix chery renault avant
