accent rangerover daihatsu tucson taurus sportage sedona optima daewoo sequoia proton armada proton mitsubishi terraza tacoma civic tata murano matrix infiniti spyker caravan highlander spectra geely explorer rolls-royce rio lotus renault daihatsu infiniti tundra greatwall caravan corolla dodge caravan astonmartin durango maserati commander caterham equinox maserati rav spyker montecarlo eclipse fiat alfaromeo maserati isuzu boxster abarth chery landrover escalade spyker commander astonmartin austin caterham rav wrangler allure porsche citroen rabbit alfaromeo bufori jaguar quattro wrangler austin sorento hino pacifica taurus highlander austin ssangyong maserati explorer durango accord explorer azera azera proton spyker cabriolet endeavor rabbit proton tacoma maserati zephyr montecarlo highlander jeep prius tacoma escape scion astonmartin spyker proton cayman quattro wrangler sequoia lotus accent armada sienna stratus rangerover scion chevrolet quattro maserati avant matrix corolla greatwall convertible cayman
