isuzu sedona 4runner abarth maserati toyota porsche wrangler ssangyong escalade abarth cadillac expedition caterham cayman saab rabbit mitsubishi chrysler trailblazer spectra porsche proton durango wagon optima subaru sorento optima viper hino volvo azera rolls-royce astonmartin caravan expedition suzuki rio civic bolwell equinox jaguar wagon mitsubishi solara zephyr spyker mercedesbenz rabbit solara explorer bedford bolwell spyker sequoia civic tucson azera viper tucson jaguar bentley suzuki bedford lanver alfaromeo sportage elantra infiniti jaguar taurus chevrolet scion azera accord solara avant mitsubishi scion daihatsu altima daewoo wrangler expedition escape tucson proton optima subaru elantra lexus caterham trailblazer eclipse subaru skoda proton cadillac altima chrysler eclipse coupe trailblazer sienna endeavor tata pickup rio ssangyong alfaromeo terraza zephyr elantra cayman coupe bentley jaguar chery prius citroen boxster explorer sequoia escalade endeavor optima daewoo solara boxster abarth coupe sebring corolla amanti cayenne accord boxster optima matrix
