escalade escalade caravan civic wagon dodge corolla chery sportage scion lanver spectra quattro volvo tacoma avalon rio lanver citroen spectra landrover escape azera murano prius infiniti tundra civic lanver austin rio coupe murano trailblazer hino citroen bedford camry altima explorer commander boxster explorer quattro corolla altima maserati pacifica rabbit cabriolet austin escalade coupe rangerover corolla prius trailblazer hino daihatsu highlander cayenne toyota endeavor daihatsu trailblazer wrangler prius prius elantra amanti renault tucson mini terraza expedition matrix altima tata allure porsche astonmartin rangerover citroen proton mercedesbenz altima tata alfaromeo cadillac corolla cayman armada commander optima civic optima caterham endeavor trailblazer zephyr amanti mini viper bolwell ssangyong tucson jaguar prius mercedesbenz bolwell tucson convertible volvo armada fiat quattro alfaromeo skoda escape expedition escalade mini caravan elantra landrover wagon austin citroen caterham citroen altima optima explorer cayman opel azera avalon equinox convertible dodge spyker expedition sorento altima coupe citroen ssangyong greatwall
