rio astonmartin astonmartin lotus tacoma caravan rangerover boxster 4runner lanver rangerover avant isuzu amanti civic alfaromeo wagon terraza opel bufori quattro daihatsu ssangyong hummer astonmartin highlander spectra greatwall fiat daewoo bolwell citroen durango armada bolwell altima spyker accent geely explorer escalade abarth scion matrix tucson mitsubishi azera saab eclipse accord pacifica allure boxster spectra wagon sequoia tata equinox lotus suzuki volvo spyker viper chevrolet altima maserati cayman bufori 4runner sorento bufori suzuki optima elantra prius rangerover austin tundra rio amanti convertible caravan chery daihatsu trailblazer accent endeavor ssangyong azera toyota azera jaguar skoda mini altima toyota allure subaru infiniti allure explorer accent opel solara chrysler bufori astonmartin escape renault cabriolet azera sienna armada hummer caterham expedition hino sorento cadillac chery spectra daewoo solara spectra mini daewoo sienna fiat durango highlander accord suzuki terraza spyker 4runner suzuki isuzu civic porsche lanver toyota eclipse skoda tundra durango 4runner spyker solara convertible rabbit spyker volvo porsche equinox spectra mini eclipse
