pacifica caterham quattro greatwall zephyr hummer bufori viper bolwell accent coupe durango armada stratus infiniti corolla civic sequoia endeavor accord pacifica fiat durango elantra accord greatwall sequoia terraza alfaromeo wagon murano bedford taurus mercedesbenz spectra trailblazer sedona sebring geely wrangler escalade rolls-royce maserati optima lanver explorer pickup pickup scion wagon astonmartin mini quattro geely hummer mini corolla montecarlo tucson mitsubishi cadillac renault skoda viper sedona murano altima saab allure accord bufori austin bolwell zephyr subaru prius suzuki expedition sorento suzuki lexus terraza hummer explorer lexus spectra pickup chevrolet lanver porsche rio suzuki bentley accent caterham avalon ssangyong amanti expedition avant dodge terraza rav citroen proton proton escalade tundra cadillac sorento mercedesbenz explorer daewoo scion commander explorer rav quattro mercedesbenz endeavor sorento greatwall avalon tundra altima stratus geely subaru zephyr rolls-royce sedona bentley porsche quattro spectra volvo cayenne civic zephyr explorer sebring hino civic chery viper civic armada armada civic tacoma greatwall tata spyker azera camry accent
