explorer coupe corolla sienna escape explorer geely terraza altima opel jaguar geely sorento tata cadillac daewoo rio solara dodge toyota daihatsu geely fiat dodge chevrolet mitsubishi sequoia camry commander sportage renault prius spectra cayenne allure geely corolla suzuki avalon fiat sportage eclipse infiniti sequoia solara optima equinox volvo escape sorento tata proton rabbit skoda ssangyong montecarlo murano proton murano rav spectra citroen corolla chery optima chery spectra isuzu abarth bentley rav armada montecarlo durango trailblazer sienna porsche optima bentley cayman saab corolla tundra rolls-royce civic toyota maserati coupe lexus renault taurus cayenne civic geely boxster coupe mitsubishi avalon infiniti citroen altima bedford lotus opel ssangyong geely quattro sorento convertible wagon cayenne maserati proton durango wagon sienna daihatsu bolwell eclipse pickup dodge corolla bentley cayenne equinox boxster civic rolls-royce armada sportage daihatsu convertible rabbit escalade stratus escape geely bufori commander montecarlo citroen sienna suzuki altima caravan cayman toyota citroen daewoo rav stratus allure chevrolet abarth jeep geely scion opel rabbit bufori bufori mini sebring optima citroen jeep commander matrix suzuki subaru
