accent alfaromeo cadillac spectra daihatsu cayenne wrangler camry rolls-royce caterham rangerover convertible ssangyong lexus geely suzuki equinox cadillac matrix avant scion equinox civic rabbit matrix 4runner maserati porsche corolla rav bentley cayman avalon corolla tata corolla eclipse wagon austin coupe greatwall chrysler quattro elantra chery allure accent bufori civic spectra durango landrover taurus astonmartin lexus pacifica avalon montecarlo pickup accent sorento amanti trailblazer coupe citroen spectra corolla trailblazer landrover citroen optima bolwell armada saab landrover stratus cabriolet durango infiniti spectra sedona mitsubishi jeep greatwall armada scion wagon accord rangerover porsche prius geely amanti sienna tucson prius rangerover pickup civic eclipse maserati azera pacifica chery lanver jaguar mercedesbenz austin tucson sebring cadillac jaguar cayenne scion sequoia skoda mitsubishi taurus dodge lexus civic mitsubishi terraza lexus solara sebring optima spyker escalade astonmartin sedona matrix elantra hummer pacifica endeavor chrysler saab cayman terraza pacifica 4runner sorento eclipse armada geely allure sienna explorer cadillac landrover caravan quattro fiat ssangyong scion mitsubishi volvo stratus mini geely citroen 4runner matrix elantra daewoo altima wagon altima cayman camry explorer hummer allure scion renault
