greatwall zephyr cayman sportage greatwall quattro bedford rabbit mini renault explorer bentley 4runner sequoia lotus jeep civic chery convertible mitsubishi caterham escalade cadillac mitsubishi lanver cayenne taurus corolla armada explorer isuzu lanver civic montecarlo porsche amanti convertible greatwall ssangyong montecarlo sportage explorer cadillac fiat eclipse suzuki chevrolet proton chery tacoma mini porsche equinox caravan hummer greatwall explorer rav landrover austin mitsubishi caterham optima caravan rio corolla suzuki montecarlo isuzu cabriolet landrover accent mercedesbenz chevrolet quattro tucson viper prius azera mitsubishi jaguar stratus eclipse trailblazer solara astonmartin renault optima solara alfaromeo altima bedford suzuki suzuki avalon zephyr wrangler spectra jeep scion quattro wagon porsche equinox bedford mini viper civic allure toyota mini dodge chrysler tacoma saab bolwell viper coupe avalon toyota endeavor armada hino armada cayenne mitsubishi corolla greatwall saab elantra pickup cabriolet chrysler chevrolet murano renault cayenne solara accent camry tacoma prius wrangler 4runner taurus pacifica cabriolet corolla explorer chevrolet tata escalade highlander accent explorer saab geely chery mini mini terraza hino cabriolet hino cabriolet landrover elantra altima tata ssangyong cayman sedona greatwall rangerover endeavor spyker boxster sebring hino explorer fiat tucson 4runner 4runner matrix escape rangerover quattro pacifica pacifica
