daewoo suzuki pickup tucson scion sorento lexus pacifica subaru lanver optima jaguar ssangyong equinox abarth commander rio armada fiat taurus commander greatwall mini suzuki infiniti lanver rio sebring allure trailblazer allure porsche civic greatwall zephyr matrix 4runner mitsubishi saab citroen porsche caravan porsche mini skoda tacoma expedition amanti isuzu zephyr wagon cabriolet pickup bentley tundra spectra greatwall commander lexus escape dodge rabbit bedford bentley jeep pacifica bentley wagon porsche skoda dodge murano tacoma allure escape hino alfaromeo zephyr rabbit terraza convertible wrangler daihatsu daihatsu caravan caravan isuzu rabbit landrover caravan trailblazer boxster porsche caravan amanti proton hino mini quattro accent scion lanver durango accent prius sedona chery escape cayman cayenne stratus altima tata lanver pickup cayenne porsche saab proton chrysler endeavor maserati opel rabbit volvo cayenne lanver spyker accent toyota suzuki wrangler coupe sportage eclipse fiat amanti bentley sebring volvo hummer daihatsu bedford fiat abarth mitsubishi pacifica armada pacifica azera sorento viper wrangler cadillac accent highlander elantra tundra pickup pickup sportage sorento sebring jaguar lanver lotus convertible bolwell rio terraza sebring elantra cayenne austin pickup porsche saab dodge explorer infiniti sienna astonmartin tata chevrolet hummer avalon cabriolet cadillac pickup sequoia camry rio tucson lanver corolla abarth skoda stratus bolwell lotus solara saab montecarlo chery sebring lanver coupe boxster cabriolet eclipse taurus cadillac accord montecarlo wrangler bolwell infiniti durango taurus infiniti murano porsche commander rio durango sienna avant corolla cayman landrover endeavor ssangyong lanver cayenne skoda dodge pickup lanver wrangler sportage azera equinox wagon bufori daewoo cabriolet armada astonmartin accord geely quattro stratus fiat escalade suzuki boxster allure rangerover altima bufori chrysler montecarlo altima allure infiniti pickup tata scion saab cayman accent rolls-royce daihatsu accord eclipse lexus jeep accent spyker coupe equinox trailblazer matrix rolls-royce cabriolet highlander wrangler armada daewoo suzuki pickup infiniti prius citroen sportage maserati renault rolls-royce austin landrover sequoia mitsubishi sportage mitsubishi convertible pacifica subaru civic volvo landrover commander skoda rabbit sportage optima sportage corolla saab abarth escalade wagon ssangyong alfaromeo lexus astonmartin equinox abarth pacifica cayenne chevrolet 4runner bentley commander jaguar rav subaru bufori altima eclipse porsche altima ssangyong spyker sebring amanti zephyr matrix eclipse explorer cayenne cabriolet tucson caravan corolla durango equinox bolwell volvo pacifica accord elantra sportage rangerover corolla renault porsche daihatsu amanti abarth caravan alfaromeo jeep convertible subaru subaru murano camry expedition suzuki sebring austin hummer corolla landrover hino armada tacoma maserati camry suzuki accord zephyr tundra elantra dodge bedford maserati quattro sedona astonmartin azera rabbit chrysler porsche explorer chevrolet camry mercedesbenz coupe bufori volvo quattro cabriolet coupe wrangler amanti opel escalade explorer wrangler azera lotus bufori escape citroen sportage hino mitsubishi coupe rio rio altima ssangyong trailblazer avant prius hino expedition sebring hummer durango escape chevrolet sienna skoda taurus mercedesbenz bentley caterham austin landrover rangerover lotus accord citroen altima murano avalon cayman cayenne murano pacifica accord astonmartin chrysler camry chrysler murano escape bentley lanver elantra zephyr porsche opel quattro toyota maserati austin prius lotus spyker chrysler avant scion amanti hummer 4runner jaguar mitsubishi murano murano jeep abarth chery cayenne tucson hino coupe sebring cayman quattro jeep expedition geely maserati skoda spyker lexus bolwell isuzu escape skoda wrangler solara mercedesbenz dodge lexus mitsubishi rolls-royce convertible fiat quattro austin sedona jaguar azera geely caterham terraza camry chrysler bufori montecarlo lexus austin escalade boxster amanti matrix allure coupe accent rabbit bedford skoda 4runner zephyr pacifica rio altima tata amanti sedona prius highlander bentley mini cayenne toyota chevrolet proton rabbit sequoia volvo astonmartin tundra sienna wagon montecarlo murano expedition dodge tacoma opel caterham civic dodge infiniti proton endeavor spectra sienna sportage maserati elantra skoda scion mercedesbenz equinox dodge suzuki bolwell isuzu cayman jeep altima lexus scion chery murano elantra cadillac volvo wrangler eclipse solara accent chrysler mini durango explorer tundra
