escape mitsubishi pacifica chevrolet ssangyong renault wagon caterham viper lanver mini dodge rio sorento greatwall boxster skoda lexus expedition proton renault suzuki durango rio isuzu rolls-royce caterham wrangler avalon rabbit alfaromeo lotus mercedesbenz spectra chery civic elantra elantra convertible caravan bentley boxster durango civic endeavor toyota suzuki explorer endeavor escalade saab azera zephyr accent pickup armada chery viper porsche proton highlander rav sportage chery alfaromeo jaguar convertible highlander rolls-royce ssangyong cabriolet chrysler greatwall altima camry amanti citroen cadillac sorento quattro saab citroen accord greatwall landrover equinox saab 4runner rabbit chery isuzu avalon corolla maserati azera convertible lexus bedford convertible citroen montecarlo isuzu allure austin murano dodge prius accent bolwell boxster cadillac bentley hino endeavor camry pickup elantra opel daihatsu murano armada skoda armada bentley bedford equinox lotus sebring pacifica montecarlo renault rav solara allure austin wagon avalon spectra greatwall chrysler citroen convertible boxster matrix altima greatwall citroen sportage chevrolet matrix coupe murano sedona hummer bedford rangerover accord isuzu fiat porsche escalade spyker bentley terraza bolwell armada mercedesbenz fiat lotus cadillac mercedesbenz terraza citroen isuzu rangerover highlander tundra sorento hino escape coupe isuzu porsche infiniti matrix accent volvo hino cayman lotus sportage zephyr wagon lotus caterham infiniti daihatsu jeep sienna proton endeavor dodge eclipse highlander expedition suzuki amanti renault armada eclipse saab abarth sienna sorento spyker rabbit rangerover caravan tacoma altima daihatsu rav avalon fiat sedona amanti bufori coupe landrover convertible zephyr suzuki explorer mitsubishi jeep zephyr lexus coupe infiniti landrover sienna saab caravan citroen dodge tucson stratus hummer porsche cadillac opel tucson taurus corolla commander avant renault rabbit chrysler daihatsu chrysler commander chery amanti coupe bufori expedition explorer porsche cayenne jaguar prius spectra sienna tacoma elantra bolwell eclipse ssangyong lotus equinox greatwall lotus landrover eclipse viper equinox viper optima pacifica alfaromeo matrix lotus coupe sportage solara proton terraza murano boxster taurus corolla amanti tucson corolla 4runner wagon sienna citroen solara boxster commander tucson pickup spectra dodge matrix prius cadillac armada elantra infiniti cayenne murano hummer rolls-royce pacifica rabbit taurus dodge quattro ssangyong corolla matrix durango coupe tundra astonmartin sorento durango proton rio chery durango bedford lotus amanti convertible cabriolet mitsubishi sorento porsche dodge volvo rio cabriolet abarth armada mini viper zephyr convertible caterham jeep endeavor sedona accord eclipse chery sportage expedition cayenne hino lexus escalade equinox infiniti endeavor lexus fiat daihatsu wagon viper chevrolet convertible tucson isuzu escape solara 4runner accord renault jeep hummer sequoia spectra proton 4runner sequoia hino allure terraza caravan quattro renault endeavor highlander rangerover scion ssangyong accord durango suzuki hummer scion lexus citroen abarth daihatsu bentley avalon cayman lanver taurus amanti camry rabbit pickup maserati pacifica porsche corolla lexus quattro convertible armada wagon opel 4runner renault sienna sienna chrysler corolla scion rangerover caterham hino escape cayenne murano landrover camry bentley allure fiat bufori civic jeep jaguar rangerover tundra jeep bedford renault greatwall suzuki chevrolet jeep pacifica quattro sorento tacoma pacifica amanti maserati sebring hino greatwall endeavor toyota expedition isuzu boxster explorer endeavor lotus zephyr jeep 4runner solara bufori accent bufori allure tacoma volvo tucson commander geely isuzu avalon sorento spyker sportage tucson maserati porsche explorer explorer rolls-royce tundra escalade cayenne sequoia suzuki suzuki caravan rav isuzu maserati sedona jaguar jeep azera spectra rangerover saab dodge expedition sorento skoda explorer 4runner sorento opel montecarlo rangerover altima equinox chrysler commander sebring astonmartin tundra rabbit alfaromeo sorento ssangyong tacoma escape abarth corolla eclipse caravan bedford bolwell expedition cabriolet sportage mini 4runner isuzu abarth abarth wrangler escalade infiniti azera tundra 4runner rav sedona lotus explorer mitsubishi scion dodge escalade rangerover mitsubishi bufori austin amanti fiat montecarlo toyota matrix viper optima astonmartin lanver jaguar explorer stratus suzuki eclipse porsche fiat matrix azera viper caravan cadillac armada rabbit ssangyong citroen volvo tata rangerover ssangyong rangerover tata altima zephyr zephyr infiniti bedford highlander caterham mini tata escalade accord highlander proton lexus pickup spectra hino solara viper chevrolet hino zephyr greatwall citroen tata avalon explorer mini cadillac subaru chery commander sebring caterham sienna solara mercedesbenz astonmartin pickup sorento opel chevrolet chevrolet toyota rangerover solara explorer infiniti commander opel sorento citroen bolwell fiat sedona isuzu rabbit subaru porsche opel citroen tata sorento avant daewoo spectra sedona isuzu mini opel saab civic toyota sedona citroen amanti wrangler cadillac greatwall
