accent isuzu eclipse trailblazer renault cabriolet landrover armada explorer mercedesbenz hino expedition bentley altima sportage tundra azera bedford solara infiniti convertible saab highlander sienna azera commander chery mini corolla solara maserati highlander cadillac cayman caterham dodge bentley amanti coupe trailblazer matrix bentley suzuki durango corolla daihatsu ssangyong bentley greatwall hummer mitsubishi rabbit porsche isuzu bentley toyota dodge skoda tucson eclipse lotus scion rio montecarlo escalade bedford fiat solara murano viper fiat hummer astonmartin caterham optima bufori quattro dodge rolls-royce pickup mini montecarlo bolwell avalon infiniti sienna escape infiniti opel montecarlo pacifica landrover prius optima bolwell camry trailblazer avalon civic accord renault azera avalon escape mini explorer avalon coupe civic avant dodge tata altima subaru suzuki ssangyong landrover civic sportage astonmartin scion sedona bedford chrysler bentley mini ssangyong isuzu geely geely boxster corolla jaguar volvo jeep hino optima hino skoda viper pickup lexus daihatsu explorer isuzu allure 4runner montecarlo astonmartin zephyr tucson expedition alfaromeo highlander trailblazer avalon escape camry escalade highlander geely wagon daewoo opel accent abarth allure durango dodge proton rabbit rabbit astonmartin chevrolet hummer rav convertible wagon bolwell mitsubishi viper mini bedford abarth amanti armada wrangler 4runner pickup camry wagon porsche amanti maserati armada isuzu abarth jeep accord rangerover rolls-royce maserati boxster hino civic rav toyota lotus explorer landrover hummer terraza sequoia sportage jeep explorer spyker zephyr avant 4runner sedona stratus commander quattro tacoma 4runner amanti corolla geely sedona highlander volvo camry rabbit austin zephyr mitsubishi mitsubishi terraza pickup escalade skoda hino lotus optima sebring altima viper civic mini 4runner eclipse escalade altima austin mitsubishi rav montecarlo solara mini azera spectra toyota sienna mitsubishi renault landrover camry commander cayenne chevrolet alfaromeo porsche saab allure caterham azera prius lotus escalade spyker skoda coupe caravan bufori suzuki tucson opel saab sorento jeep astonmartin amanti infiniti viper camry scion daihatsu prius avalon durango volvo cayenne avant rangerover ssangyong matrix 4runner fiat altima zephyr chery civic landrover zephyr equinox hummer hummer sportage chery sorento chrysler chery suzuki escalade allure highlander sequoia toyota equinox tundra cayman scion austin 4runner saab bedford maserati taurus camry cayenne ssangyong sequoia spectra mercedesbenz citroen abarth opel prius coupe opel alfaromeo sequoia avalon escape wagon montecarlo austin subaru boxster greatwall isuzu chery sedona maserati convertible elantra alfaromeo jeep sequoia zephyr sportage greatwall cadillac sedona bufori suzuki cadillac cayman azera spectra elantra mitsubishi optima convertible optima austin rolls-royce cabriolet chevrolet toyota sienna porsche saab chrysler zephyr escalade daihatsu astonmartin sebring alfaromeo cabriolet ssangyong avalon elantra pickup explorer 4runner subaru caterham solara pacifica hino cabriolet solara astonmartin volvo scion boxster azera astonmartin cayenne commander rabbit elantra rabbit sportage proton 4runner murano pacifica highlander elantra caterham subaru alfaromeo azera renault azera austin porsche suzuki terraza bentley toyota landrover sorento rabbit chery camry equinox rabbit wrangler porsche avalon allure convertible proton sportage sedona tucson optima cayenne isuzu highlander chery mitsubishi tacoma amanti mercedesbenz tucson prius zephyr cadillac expedition rav commander greatwall hummer greatwall daihatsu mercedesbenz jeep altima optima chery accent greatwall daihatsu prius rolls-royce renault lanver tundra stratus spectra jeep zephyr 4runner daewoo jaguar montecarlo prius cayman wagon camry avant austin lanver coupe greatwall wagon mitsubishi spyker spyker optima explorer astonmartin escape maserati taurus cayenne optima proton chery renault escalade trailblazer subaru renault subaru bufori sorento opel viper viper citroen hino chrysler eclipse convertible renault lanver azera landrover terraza wrangler escape coupe escape highlander commander camry pacifica toyota scion toyota sportage sienna boxster caterham lanver elantra subaru eclipse bentley highlander accord cayenne maserati sorento coupe coupe landrover austin mini coupe corolla austin murano landrover chrysler renault viper prius amanti jeep chevrolet alfaromeo highlander rabbit solara opel optima spyker sebring taurus isuzu sedona sorento dodge bedford matrix daewoo geely toyota scion chrysler ssangyong lotus allure volvo explorer avant porsche mercedesbenz explorer jaguar sebring opel endeavor prius explorer dodge sienna matrix maserati infiniti tata porsche hino tucson coupe sorento allure durango sequoia expedition tacoma citroen highlander cadillac montecarlo maserati citroen landrover highlander escape azera infiniti boxster daihatsu cabriolet greatwall murano azera trailblazer suzuki azera caravan caravan corolla viper landrover rangerover accord mitsubishi wagon quattro spectra rav equinox wrangler escalade geely tata chery coupe rolls-royce infiniti camry cayman jeep coupe zephyr volvo opel dodge bentley accent mitsubishi mercedesbenz cayenne jaguar porsche camry sebring rolls-royce hino infiniti matrix opel cadillac wagon rio wagon pickup quattro alfaromeo escape spectra daihatsu cayenne alfaromeo bufori hino infiniti alfaromeo expedition hino murano isuzu matrix accord accent astonmartin bufori sportage matrix porsche
