daihatsu renault chery infiniti cadillac 4runner ssangyong optima tacoma caravan terraza trailblazer murano sportage saab spectra rabbit murano fiat infiniti murano coupe tata rolls-royce optima sebring rio altima caterham tacoma pacifica matrix landrover rangerover dodge tata cayenne cadillac accent cayenne infiniti lotus coupe montecarlo pickup tundra explorer maserati lotus avalon escape citroen montecarlo alfaromeo porsche greatwall lotus scion mini 4runner optima cabriolet caravan ssangyong daihatsu matrix abarth stratus jaguar spyker equinox tucson stratus avalon renault accent allure accent dodge solara austin escape citroen equinox escape wagon avant dodge cabriolet sedona daewoo bolwell mitsubishi citroen optima infiniti lexus maserati allure sequoia altima pickup matrix tucson tundra tacoma opel lanver sedona mitsubishi citroen pickup wagon civic optima renault armada corolla opel dodge trailblazer accord optima hino pickup citroen rabbit cayman renault cayman sequoia elantra subaru astonmartin amanti tucson sienna suzuki escape accord quattro civic escape landrover maserati bentley pacifica convertible sportage mitsubishi trailblazer 4runner zephyr renault fiat rangerover maserati isuzu mitsubishi alfaromeo optima sebring skoda azera civic subaru caravan endeavor isuzu hummer lanver alfaromeo zephyr cayman citroen 4runner rolls-royce escalade convertible lanver explorer scion armada sportage abarth tata solara proton mercedesbenz fiat murano hummer eclipse abarth abarth accord chevrolet avant opel tundra wrangler taurus cayenne rangerover maserati explorer austin commander eclipse chrysler sportage rio sportage austin rav wrangler tata mercedesbenz accord avant montecarlo suzuki accent wagon optima cadillac mitsubishi avant dodge subaru spyker isuzu spectra wrangler proton tundra mini escalade lexus ssangyong elantra caravan renault armada jaguar isuzu ssangyong spyker avant ssangyong mitsubishi porsche convertible lanver mitsubishi sorento subaru wagon azera trailblazer cayenne terraza pickup escape fiat escape fiat amanti bolwell accent bentley sedona rolls-royce jaguar altima allure coupe citroen rav wrangler hino viper viper ssangyong taurus caterham suzuki citroen chery abarth astonmartin austin daewoo rav quattro terraza citroen ssangyong subaru jaguar austin stratus volvo trailblazer lexus spyker rangerover 4runner greatwall renault hino eclipse landrover wagon coupe dodge camry saab cadillac fiat equinox wrangler fiat alfaromeo cayman armada caterham montecarlo expedition stratus austin cadillac daewoo caterham volvo durango opel rabbit cabriolet toyota rangerover 4runner eclipse spyker spectra tata suzuki spectra bufori scion eclipse mitsubishi lotus zephyr jaguar bolwell wrangler renault mitsubishi cabriolet bentley toyota subaru amanti citroen terraza cabriolet bolwell mercedesbenz montecarlo sequoia bufori sienna terraza volvo greatwall stratus skoda rolls-royce rangerover zephyr highlander astonmartin ssangyong taurus sequoia terraza pickup camry renault chery astonmartin accord zephyr opel bedford stratus mercedesbenz sequoia astonmartin maserati bufori rabbit elantra daihatsu solara subaru viper tundra hummer ssangyong tata cayman astonmartin rio murano convertible lanver montecarlo stratus bentley mini landrover azera wagon pickup coupe cayenne quattro subaru bufori astonmartin hino solara tata cayman subaru skoda scion sportage mercedesbenz convertible subaru greatwall explorer bedford eclipse escape azera sedona tata mini rio greatwall austin sienna cabriolet matrix equinox mitsubishi altima greatwall wagon citroen hummer corolla porsche 4runner civic matrix avant tundra hino camry azera terraza stratus cayenne ssangyong scion sportage skoda abarth bolwell camry civic camry camry solara infiniti toyota coupe wagon rangerover renault fiat tacoma landrover chery cabriolet spyker expedition amanti cayenne bolwell greatwall dodge astonmartin jeep cabriolet chevrolet subaru fiat stratus corolla pacifica lexus sedona chrysler accord rangerover scion rolls-royce pickup azera caterham amanti durango altima durango dodge terraza citroen tata civic fiat optima saab chrysler mini equinox lanver viper eclipse quattro saab pacifica saab bentley camry jaguar tata tacoma jaguar viper matrix sedona expedition elantra cabriolet equinox allure landrover daewoo proton tacoma sedona taurus commander cadillac subaru lanver renault sebring tacoma cayenne geely terraza rangerover cayman equinox tata austin skoda proton zephyr sebring stratus matrix caterham armada fiat infiniti tucson lotus escalade porsche caravan rolls-royce maserati rangerover sequoia accent caravan sienna explorer dodge rabbit rav matrix escalade citroen murano pickup toyota escape caterham chrysler durango tundra tundra greatwall alfaromeo mini endeavor prius sebring greatwall lanver daewoo greatwall tundra sebring matrix zephyr tata wagon sienna tundra lotus proton prius expedition murano endeavor wrangler suzuki sorento chevrolet expedition spectra optima avalon sportage ssangyong amanti citroen avant matrix sportage subaru spectra jeep viper pickup highlander caterham tundra citroen eclipse taurus montecarlo austin caravan caravan cayman solara abarth jeep durango accent accent abarth proton renault pickup quattro amanti caterham astonmartin commander civic zephyr chevrolet murano prius highlander commander cabriolet chevrolet armada sienna highlander hino lexus azera murano viper citroen zephyr jaguar proton stratus cayman proton skoda expedition equinox isuzu alfaromeo landrover sebring volvo commander cayman scion austin cayman trailblazer bufori skoda bentley stratus sienna altima hummer cayenne spyker infiniti daewoo highlander sebring tata mini elantra tundra chevrolet 4runner prius rio tata abarth commander zephyr accent rabbit rio infiniti lexus bolwell lanver rolls-royce cadillac equinox renault explorer explorer expedition stratus fiat chrysler landrover altima altima cadillac lexus allure bolwell hino highlander rav daewoo cayman jeep ssangyong expedition equinox sportage pacifica escape ssangyong boxster escalade wagon alfaromeo accord landrover tucson avant zephyr greatwall elantra quattro rio pacifica mitsubishi bufori volvo rio skoda corolla austin rangerover murano quattro mitsubishi eclipse commander solara daewoo dodge ssangyong escalade mercedesbenz tundra elantra durango rabbit avant tucson citroen bedford cadillac rabbit landrover abarth astonmartin rav rabbit coupe matrix scion infiniti proton jeep prius rolls-royce caterham 4runner hino optima tata taurus armada amanti scion toyota accord corolla sienna renault scion greatwall dodge jaguar rio altima rangerover cayenne accent zephyr citroen montecarlo
