highlander murano bentley spyker viper amanti escalade sedona lanver commander endeavor abarth bentley escalade taurus sorento daihatsu lanver explorer wagon fiat escape sienna bentley geely cabriolet quattro tundra astonmartin armada chevrolet proton allure lanver fiat mitsubishi murano altima bufori lanver amanti chery tundra skoda opel isuzu sienna accord montecarlo mini bolwell austin wrangler tacoma volvo cabriolet hummer sorento pacifica viper endeavor caravan escalade rolls-royce maserati astonmartin rolls-royce daewoo saab lanver optima murano jaguar lanver bufori escalade geely chery toyota commander sebring toyota sorento wrangler pickup sienna chevrolet wagon armada greatwall 4runner sequoia volvo jaguar wagon convertible accord equinox renault sedona rio pickup escalade armada optima sorento rav hino proton eclipse scion corolla proton fiat amanti skoda elantra convertible bedford amanti bedford pickup trailblazer cayman sedona camry lotus mitsubishi tundra geely caravan chery tucson scion viper maserati cabriolet wrangler pickup daewoo boxster accent maserati boxster avant volvo bentley escalade hino daihatsu mini sebring isuzu fiat jeep dodge convertible dodge amanti escape suzuki accord rav matrix coupe alfaromeo corolla proton stratus rolls-royce cadillac escalade viper equinox avant tata amanti corolla sequoia pacifica armada 4runner taurus sorento spectra equinox convertible cayman endeavor boxster chery cabriolet allure cadillac endeavor lotus rolls-royce avalon armada landrover coupe chevrolet taurus camry solara tacoma explorer equinox tucson cadillac wagon isuzu civic sequoia avant jaguar endeavor elantra chevrolet viper bedford mini lotus bufori optima suzuki elantra escalade caravan chevrolet chevrolet terraza rabbit bufori sienna camry highlander rabbit mitsubishi proton hummer porsche hummer commander lexus trailblazer mercedesbenz proton subaru rio avant zephyr jeep proton corolla mini daihatsu abarth eclipse taurus fiat taurus lexus highlander durango corolla volvo subaru cayenne terraza maserati infiniti proton altima opel explorer explorer rabbit daihatsu caterham zephyr citroen sportage sequoia toyota cayman pickup coupe rav chery quattro scion renault austin amanti escalade avalon toyota sportage convertible durango rio durango volvo civic mini hino mini saab maserati viper wrangler prius suzuki sequoia caravan hummer subaru corolla convertible renault wrangler suzuki proton rangerover fiat daihatsu camry taurus abarth taurus taurus mercedesbenz escape pickup subaru fiat altima citroen sequoia optima maserati durango chrysler mitsubishi dodge bolwell greatwall cayenne civic corolla murano viper isuzu suzuki matrix sedona mini spectra sienna austin jeep daihatsu corolla porsche montecarlo daihatsu sequoia ssangyong daihatsu isuzu escape jeep cadillac elantra hummer mitsubishi subaru spectra azera accent tata lotus lanver lanver highlander geely eclipse cadillac dodge tucson abarth 4runner toyota taurus daihatsu hino solara cayenne pickup highlander elantra zephyr spectra abarth ssangyong mercedesbenz zephyr fiat montecarlo optima chrysler civic viper prius eclipse toyota bufori caravan avalon escalade tata accent highlander greatwall cayman solara escape azera prius eclipse boxster porsche scion fiat mitsubishi accord porsche fiat terraza porsche fiat escape taurus geely solara rabbit caterham bolwell prius trailblazer suzuki chrysler bolwell sportage rav alfaromeo camry stratus fiat rio tundra toyota mitsubishi sorento rio chrysler cabriolet sportage sienna porsche taurus bufori subaru proton ssangyong cadillac isuzu tucson rolls-royce altima infiniti rav prius fiat prius isuzu opel bedford viper cayman avalon cabriolet rabbit jaguar matrix cabriolet bufori allure skoda daewoo jaguar coupe commander chrysler sequoia sequoia stratus infiniti montecarlo renault viper dodge tata abarth spyker sienna hummer hino quattro chevrolet caterham coupe avalon altima opel cadillac sorento escape avant dodge trailblazer hummer quattro alfaromeo mercedesbenz convertible hino sedona jeep rangerover avalon dodge explorer volvo camry wrangler sportage pacifica bedford isuzu spyker rabbit sienna geely endeavor elantra rio tacoma armada abarth jeep cayenne tucson azera wrangler terraza pacifica landrover bufori caterham astonmartin suzuki tacoma explorer alfaromeo chery proton renault geely cayenne cayenne volvo rio tucson wagon rolls-royce sienna 4runner greatwall chevrolet caravan cayenne escalade trailblazer coupe fiat amanti cadillac subaru jeep infiniti solara opel tacoma solara pickup sedona scion citroen 4runner camry montecarlo 4runner geely chrysler mini civic suzuki spectra sorento mini avant alfaromeo sequoia hummer sorento commander dodge cayman cabriolet armada jeep 4runner opel bolwell tata spyker jeep rangerover rolls-royce zephyr accent stratus hino mercedesbenz cadillac coupe quattro lotus murano 4runner escalade bufori explorer wagon rav caravan viper lexus montecarlo infiniti quattro avant altima montecarlo sienna cayenne escape toyota chrysler infiniti hino tucson viper quattro stratus boxster amanti optima chery caterham mitsubishi wagon expedition hummer spyker chery alfaromeo bolwell bolwell lotus jeep infiniti tucson ssangyong opel mercedesbenz bolwell infiniti chrysler fiat isuzu bentley austin lotus landrover optima dodge renault armada maserati highlander jeep coupe coupe chevrolet spyker chrysler cayenne caterham quattro spectra greatwall sebring opel highlander trailblazer optima zephyr durango caravan equinox chevrolet spyker prius bolwell bolwell sportage caterham sienna endeavor tucson boxster rabbit cayenne caravan chevrolet wagon sienna equinox suzuki rolls-royce lotus wrangler rolls-royce civic camry porsche montecarlo azera rav rolls-royce trailblazer landrover lotus 4runner volvo skoda tata volvo cayman suzuki bolwell rangerover zephyr scion armada chery suzuki camry hino sebring sorento dodge convertible caravan alfaromeo escalade greatwall amanti alfaromeo spectra subaru lanver bufori escape commander chery chrysler renault geely zephyr taurus terraza fiat skoda quattro chevrolet wrangler mini abarth chrysler lanver durango escape mini renault escalade daihatsu austin alfaromeo alfaromeo camry bufori viper zephyr bedford explorer armada rolls-royce solara cayenne convertible skoda saab chevrolet jaguar maserati sorento geely sebring daewoo stratus sienna porsche isuzu altima tacoma lexus wagon eclipse landrover explorer equinox camry cayman camry commander boxster terraza bentley opel fiat daihatsu sebring escape rolls-royce highlander mercedesbenz escape renault chery abarth cabriolet bedford avalon cadillac pickup wagon scion greatwall rolls-royce rav mitsubishi lanver bentley jaguar eclipse equinox mini armada spectra rav viper alfaromeo stratus murano daewoo cayenne wrangler lanver corolla hummer ssangyong cabriolet hummer chevrolet cabriolet landrover bedford stratus armada equinox geely sebring boxster bedford mini commander sequoia sienna spectra lotus infiniti commander accent sebring stratus geely mini montecarlo taurus sebring jaguar equinox corolla chery renault sienna ssangyong prius fiat cabriolet sienna sequoia toyota armada wagon camry geely sequoia allure lexus equinox landrover rangerover skoda suzuki greatwall altima cadillac skoda tucson expedition mini lotus montecarlo matrix taurus altima lotus austin wrangler rav bufori equinox dodge scion accent toyota highlander wrangler highlander hino expedition eclipse daewoo matrix 4runner armada spyker mitsubishi stratus isuzu allure chery geely lexus viper equinox matrix tacoma mercedesbenz pickup highlander jeep infiniti lexus sedona montecarlo murano maserati saab lanver camry zephyr landrover wrangler rabbit cabriolet mini bedford rolls-royce altima montecarlo landrover stratus renault wrangler rav rav porsche proton stratus tacoma elantra cayman wrangler allure sebring maserati mitsubishi renault astonmartin astonmartin sequoia altima daewoo expedition cayenne accent citroen sorento sportage toyota proton pickup sienna rabbit renault avant prius cadillac dodge bolwell bentley coupe caravan endeavor cayenne rangerover matrix tacoma avalon cadillac azera coupe greatwall daihatsu bolwell pacifica rav viper highlander altima bolwell skoda wrangler bolwell boxster equinox spyker sportage quattro geely tucson rolls-royce highlander cayman zephyr greatwall chrysler trailblazer cabriolet taurus saab volvo jaguar rolls-royce
