avalon dodge avalon mercedesbenz caravan tucson sedona amanti sorento toyota mini hino solara volvo armada endeavor trailblazer solara bentley maserati dodge taurus camry accord optima dodge cayenne sedona bufori wagon toyota escalade rav bolwell armada wrangler bedford altima landrover dodge ssangyong greatwall armada cayenne cayenne elantra sedona ssangyong trailblazer landrover fiat skoda optima jaguar landrover rolls-royce mitsubishi abarth wrangler toyota caterham jeep austin stratus boxster armada scion caterham astonmartin sportage allure avant murano explorer jaguar isuzu geely greatwall allure allure rabbit armada spectra alfaromeo skoda daewoo accord tacoma wrangler subaru landrover boxster lexus greatwall explorer camry astonmartin ssangyong hino pickup toyota convertible quattro accord accord bentley rolls-royce matrix 4runner hummer sportage bufori hino allure commander amanti avant equinox armada bufori endeavor escape mitsubishi tacoma cabriolet coupe rolls-royce alfaromeo opel mini chery rolls-royce tundra proton terraza skoda jaguar cayman skoda bufori elantra tata daewoo bedford volvo convertible porsche infiniti toyota chevrolet abarth ssangyong 4runner quattro austin 4runner boxster corolla jaguar astonmartin zephyr civic volvo pacifica expedition escape volvo quattro porsche montecarlo austin suzuki abarth isuzu rav daewoo pickup spyker tucson boxster pacifica escalade quattro bedford wagon greatwall amanti infiniti avalon boxster taurus rav 4runner rangerover cabriolet mercedesbenz abarth proton avant subaru pickup prius boxster bolwell tundra sebring terraza fiat daewoo quattro viper mercedesbenz amanti montecarlo wagon alfaromeo sienna scion avalon boxster volvo highlander jaguar greatwall montecarlo boxster tata austin bedford tundra chrysler elantra lotus suzuki alfaromeo pacifica volvo toyota armada daewoo sequoia geely opel taurus altima cayman stratus taurus amanti porsche geely subaru sedona infiniti spectra rabbit taurus fiat coupe accent taurus suzuki lexus mercedesbenz cayenne abarth greatwall citroen civic elantra sienna taurus prius sebring lotus azera mitsubishi bedford prius bolwell zephyr daihatsu porsche sebring allure amanti sienna elantra highlander landrover sienna commander stratus escalade avant cadillac tucson azera escalade matrix hino lanver tundra bufori wagon cayenne daewoo camry fiat astonmartin caravan escape accord alfaromeo trailblazer spyker sebring spectra fiat mitsubishi ssangyong avalon wagon landrover bufori mercedesbenz cadillac geely hummer lotus rav azera altima endeavor corolla corolla abarth equinox equinox rangerover boxster matrix avalon jeep skoda avant sportage amanti tacoma lanver elantra civic abarth lotus suzuki proton daewoo proton rio bentley rolls-royce daihatsu cayenne terraza chevrolet convertible highlander montecarlo volvo explorer endeavor altima optima spectra porsche accent murano pacifica subaru hino austin trailblazer tucson scion landrover elantra bolwell jaguar mercedesbenz eclipse chrysler ssangyong subaru explorer chery bolwell ssangyong scion landrover jeep tucson azera bufori porsche caravan porsche camry spyker sorento azera mitsubishi sportage escape rangerover durango sequoia escape explorer camry chevrolet porsche scion taurus tata avant eclipse isuzu pickup mitsubishi optima sebring bufori corolla pacifica zephyr fiat corolla escape zephyr expedition sportage daihatsu accord lanver chrysler rabbit endeavor alfaromeo scion boxster allure altima wagon spectra corolla cadillac convertible opel cayman greatwall tata lotus jaguar maserati durango chery rangerover caravan lanver sorento sedona altima civic pickup expedition dodge proton expedition jeep tacoma tundra rangerover mini avant sedona spectra coupe opel renault lotus geely taurus boxster dodge citroen explorer tata solara toyota sorento murano rio landrover quattro endeavor sequoia citroen quattro amanti alfaromeo camry cayman renault sienna pacifica sedona daewoo dodge spectra altima tata escape bentley montecarlo daihatsu greatwall abarth convertible wagon wrangler cadillac daewoo subaru suzuki expedition sedona accord geely rio trailblazer lotus allure armada terraza cadillac maserati jeep abarth explorer coupe cabriolet taurus infiniti landrover prius austin sorento cayman caterham bolwell rio rolls-royce avalon maserati zephyr skoda dodge daihatsu 4runner cayenne taurus suzuki civic dodge endeavor expedition bufori wrangler greatwall armada subaru astonmartin scion toyota highlander jeep greatwall maserati cayman allure bufori scion jeep allure infiniti lotus sorento eclipse spectra chery infiniti volvo volvo viper austin sequoia rolls-royce armada tata cabriolet amanti 4runner hummer sequoia viper expedition subaru rav maserati mercedesbenz sienna bolwell civic renault dodge pickup trailblazer citroen trailblazer astonmartin geely cadillac civic rangerover cabriolet cabriolet durango rio daihatsu corolla bentley montecarlo chevrolet opel civic saab abarth accent citroen landrover mitsubishi tacoma rolls-royce quattro solara cadillac porsche bolwell maserati hino mini daewoo opel 4runner optima pacifica durango citroen sequoia rav sebring bentley elantra hummer avant escalade mercedesbenz avant pickup abarth ssangyong tacoma chevrolet pacifica highlander endeavor mini maserati bedford cayenne geely austin bedford fiat caterham daihatsu coupe escape maserati hummer wagon avalon saab isuzu landrover trailblazer infiniti quattro opel amanti tundra accord cadillac corolla rabbit chevrolet chery suzuki bolwell wagon citroen bolwell mini tacoma dodge sedona civic rabbit bedford tundra explorer azera altima chery terraza renault amanti daihatsu caterham bedford cabriolet matrix corolla bedford rio solara sorento accent subaru proton allure cayenne terraza porsche tata rabbit avant rolls-royce maserati cayenne tata cayenne durango 4runner taurus renault matrix 4runner optima expedition elantra explorer hino volvo amanti stratus sorento isuzu lexus sequoia convertible lanver mercedesbenz caravan escalade mitsubishi amanti pacifica jeep greatwall explorer altima stratus allure jaguar tundra escape tacoma expedition bufori coupe endeavor endeavor caravan tundra jeep chevrolet sebring landrover maserati spectra corolla rav altima bolwell altima fiat geely landrover fiat equinox scion corolla subaru bolwell zephyr equinox civic opel tucson sequoia bolwell spectra alfaromeo matrix sportage astonmartin mercedesbenz coupe viper opel allure maserati geely prius bufori pacifica landrover chrysler cayman tucson commander daihatsu spectra rolls-royce boxster camry equinox endeavor ssangyong camry cayenne lexus rolls-royce highlander toyota sportage boxster chrysler 4runner cadillac stratus astonmartin maserati bolwell greatwall matrix lanver sequoia bedford highlander caravan trailblazer equinox subaru lanver escalade saab bentley chrysler chrysler infiniti trailblazer lotus porsche bedford dodge maserati maserati caravan trailblazer volvo mini skoda escape geely coupe sequoia skoda eclipse daihatsu chrysler spectra allure sequoia skoda tundra endeavor sequoia cabriolet viper sedona bolwell stratus prius cayenne explorer sorento civic stratus cabriolet rangerover allure accent expedition chery astonmartin durango abarth pacifica boxster amanti optima expedition cadillac sienna camry explorer jeep sedona citroen hummer viper spectra montecarlo lexus hino suzuki chevrolet caterham caterham cayenne bufori lotus prius avant isuzu sebring toyota allure chery quattro escape renault hino optima sorento proton sienna viper infiniti daihatsu geely coupe skoda daewoo sportage mercedesbenz lanver lexus subaru abarth maserati chrysler skoda boxster accent endeavor rabbit fiat chery endeavor optima coupe subaru proton highlander equinox dodge avant geely chery jaguar cabriolet hino jeep lexus tucson dodge matrix sebring greatwall chevrolet pickup tucson explorer mini sienna cayman jaguar cayman skoda murano daihatsu solara saab opel accent avant toyota eclipse bedford daihatsu caterham tucson avalon hino volvo mitsubishi chery rolls-royce tacoma sequoia abarth tucson pickup convertible wrangler proton taurus sienna taurus abarth tacoma austin matrix sorento daihatsu accent sienna opel matrix zephyr prius terraza tundra 4runner avalon sedona sorento citroen commander sportage daewoo murano porsche caravan tundra escalade cabriolet sportage stratus mini accent commander spyker pickup fiat infiniti rangerover escape montecarlo pacifica cayenne sienna skoda civic endeavor murano commander jaguar trailblazer trailblazer lanver rabbit daihatsu austin rav wrangler caravan avant proton prius rio viper accord sequoia abarth prius pacifica citroen geely tundra pickup solara chevrolet bolwell prius lotus zephyr austin maserati landrover renault 4runner prius tundra zephyr trailblazer caterham scion camry hino pickup chery camry camry infiniti caterham rav avant greatwall chery daihatsu cayman tundra escalade daihatsu terraza cabriolet volvo subaru rav sienna geely camry caterham azera zephyr corolla sedona sienna
