astonmartin mini dodge mini tata caravan rabbit tundra volvo boxster taurus commander wagon montecarlo azera chrysler allure porsche caravan volvo geely azera escape toyota elantra terraza convertible tata tacoma expedition daewoo taurus lanver stratus commander toyota highlander spectra caterham lotus rangerover sebring commander opel endeavor commander mini civic accord trailblazer chery maserati wagon citroen mitsubishi landrover rio accent eclipse spectra endeavor pickup bentley accord eclipse bedford tundra chrysler spyker mercedesbenz rav trailblazer toyota saab equinox scion cadillac rav bedford cadillac chery bufori sebring matrix chery rav sequoia landrover skoda rangerover accent sequoia cayman suzuki matrix chevrolet chery 4runner greatwall skoda endeavor wagon mercedesbenz scion renault lanver stratus boxster sedona elantra rio murano caravan endeavor ssangyong saab accent avalon geely sportage mini ssangyong sequoia corolla caterham azera trailblazer solara mini civic quattro altima chrysler stratus sebring subaru boxster armada jaguar fiat hummer maserati tucson spectra geely toyota renault accent explorer rio rabbit jeep rav rav spyker pacifica pickup jaguar lanver isuzu cayman scion cadillac avalon amanti murano greatwall sedona taurus renault sportage jeep taurus daewoo taurus avalon tucson infiniti pickup elantra allure infiniti cabriolet mini azera zephyr altima sequoia terraza hino lexus solara caterham commander wagon rabbit hino montecarlo scion mercedesbenz camry isuzu wagon suzuki pickup renault commander bentley rangerover subaru subaru camry tundra corolla stratus highlander tucson eclipse pickup renault chevrolet matrix convertible rangerover corolla maserati maserati coupe sportage optima dodge infiniti austin explorer corolla lexus tata landrover volvo dodge commander caterham lexus saab subaru geely jaguar montecarlo amanti elantra pickup 4runner accent commander greatwall volvo taurus landrover suzuki quattro isuzu matrix fiat chrysler taurus altima civic cayenne stratus greatwall boxster tundra mitsubishi montecarlo commander escalade elantra durango coupe opel accent elantra mitsubishi cayenne dodge boxster escalade sienna bufori bufori sequoia boxster prius jaguar cadillac dodge toyota montecarlo explorer suzuki elantra tacoma avalon opel caravan spyker elantra sorento civic scion optima scion armada spectra hino tundra highlander fiat quattro daewoo cayenne hummer citroen mini trailblazer optima bentley chery cayenne matrix avant sorento mercedesbenz geely elantra taurus hummer daihatsu coupe quattro taurus abarth rabbit renault landrover sienna accent cayenne tundra hino spyker wagon rio renault chery durango highlander convertible taurus scion commander avalon montecarlo escape amanti opel renault bedford maserati caterham isuzu rabbit allure accord endeavor murano durango commander matrix cayman isuzu murano renault matrix lanver cadillac endeavor prius renault coupe optima chery trailblazer bedford landrover bedford rav azera escape sorento explorer caravan elantra viper saab explorer citroen cayman escalade saab coupe saab daewoo accord rav optima infiniti corolla renault commander sorento maserati caravan subaru cayman chevrolet montecarlo sequoia bentley landrover pacifica pacifica convertible lexus wrangler subaru proton trailblazer altima montecarlo subaru suzuki chery tundra rav matrix rio maserati murano hino astonmartin sienna chevrolet accent armada sequoia sedona bedford daewoo eclipse scion optima daihatsu scion accent accent tata tucson explorer elantra ssangyong prius corolla skoda quattro wrangler isuzu endeavor astonmartin civic isuzu tata scion wrangler greatwall scion accent ssangyong solara expedition quattro cadillac sebring bolwell bentley stratus armada chrysler lexus rolls-royce murano prius civic daewoo sportage mercedesbenz accent skoda durango ssangyong daihatsu scion escalade altima expedition escalade suzuki avalon accent sedona bufori tata avant fiat terraza tacoma spyker hummer matrix convertible alfaromeo allure cadillac viper mitsubishi boxster allure lotus bolwell sebring allure landrover rabbit abarth matrix highlander 4runner lanver quattro tucson chrysler chevrolet alfaromeo caravan accent volvo murano avant suzuki caravan tundra cayman sedona daihatsu greatwall civic chery trailblazer bolwell jaguar subaru trailblazer rangerover corolla rav solara dodge commander taurus scion durango infiniti sebring renault escalade rabbit azera matrix mini spectra caravan abarth caterham renault bufori lexus infiniti mitsubishi cayenne civic maserati infiniti pickup stratus camry bolwell chrysler sebring austin viper zephyr suzuki astonmartin bolwell maserati spyker amanti opel escape amanti cayenne hummer sequoia sequoia sportage bedford toyota dodge highlander lexus convertible bedford bolwell explorer astonmartin daewoo suzuki lotus tundra commander trailblazer stratus expedition taurus montecarlo cadillac spectra lotus allure allure stratus azera altima viper chevrolet cabriolet isuzu wrangler eclipse daewoo suzuki porsche camry alfaromeo saab durango boxster civic lexus optima bedford mini rangerover terraza rio citroen matrix avant wrangler wrangler commander pacifica 4runner toyota equinox tata tundra tata terraza greatwall mini rolls-royce fiat renault proton scion sebring geely porsche solara terraza opel viper cadillac allure prius porsche sportage tacoma durango highlander cayenne cayman proton expedition alfaromeo taurus chery fiat commander sebring bolwell amanti sportage rabbit montecarlo 4runner fiat skoda citroen equinox jaguar hino jeep lotus astonmartin rav hummer greatwall zephyr pacifica cadillac taurus avant murano bolwell fiat renault endeavor caterham trailblazer citroen expedition opel stratus terraza hino coupe lexus armada escalade cadillac boxster bufori greatwall terraza hummer austin armada astonmartin rio mitsubishi matrix maserati convertible pacifica skoda sedona astonmartin lexus scion volvo daewoo matrix mitsubishi maserati ssangyong jeep mercedesbenz mercedesbenz porsche coupe taurus terraza geely camry expedition coupe opel commander porsche endeavor cayman spyker proton altima hummer wrangler optima viper suzuki rav pickup bentley murano wrangler allure caterham chrysler bedford chrysler explorer escape terraza spectra sedona spyker viper tundra elantra azera tucson isuzu abarth cadillac equinox escape bedford accord durango daewoo civic prius matrix murano chevrolet bentley boxster isuzu terraza rangerover hummer convertible escalade daihatsu eclipse altima escalade sedona cayenne bentley camry ssangyong viper explorer geely escape volvo terraza suzuki bentley rabbit sequoia infiniti stratus tata cadillac civic terraza sequoia maserati lanver mercedesbenz caterham equinox caterham ssangyong bolwell toyota chevrolet civic bolwell hino terraza cayenne commander explorer tacoma alfaromeo commander sienna armada solara sequoia isuzu scion escalade matrix zephyr civic murano maserati durango elantra altima austin tundra sportage avant jaguar boxster jaguar mitsubishi volvo ssangyong tata bedford elantra maserati daewoo lotus sienna cayman trailblazer cayman chrysler zephyr saab avalon caravan rav accent corolla astonmartin wagon mercedesbenz toyota toyota montecarlo coupe sedona jeep proton tucson camry accord rav scion landrover matrix sebring convertible viper endeavor viper elantra sebring hino daewoo zephyr chevrolet terraza renault ssangyong chrysler chery montecarlo renault caterham azera rolls-royce expedition bedford cayman 4runner tata cayman caravan lanver avant geely camry wagon skoda fiat rio geely cayenne isuzu montecarlo tucson durango zephyr lotus lotus suzuki fiat sienna accord spectra chevrolet convertible azera montecarlo highlander accent eclipse lanver endeavor chery saab skoda jaguar tacoma maserati lotus cabriolet daewoo saab altima amanti coupe rabbit rolls-royce rangerover daewoo highlander rabbit coupe geely bufori maserati fiat spectra viper avant explorer mercedesbenz sienna boxster jaguar bufori matrix elantra montecarlo quattro quattro daihatsu rav endeavor landrover rav taurus elantra optima avant convertible sebring sportage elantra durango caravan mercedesbenz sequoia toyota mercedesbenz durango cayenne rav bedford pickup sequoia daewoo saab equinox allure jaguar spyker prius greatwall astonmartin sebring landrover civic elantra equinox daewoo citroen lanver prius wagon maserati eclipse opel accord coupe accord accord caravan caterham accord amanti quattro geely convertible terraza tata rolls-royce maserati trailblazer wagon highlander amanti greatwall spectra dodge cayenne bedford convertible quattro prius quattro volvo alfaromeo volvo spyker cayenne spyker durango ssangyong subaru skoda austin accent pacifica prius terraza ssangyong jeep daewoo boxster abarth armada caravan mini amanti accord hummer landrover dodge greatwall commander altima tata proton convertible taurus saab cayenne isuzu bentley pickup dodge durango rangerover equinox landrover cabriolet scion rabbit explorer sorento boxster citroen elantra bedford escalade mini bedford equinox caravan toyota solara mitsubishi jaguar convertible sequoia cabriolet chery commander
