rangerover hino taurus greatwall maserati citroen lanver proton azera wrangler taurus durango chevrolet spectra avant bolwell landrover avalon renault avalon sequoia amanti avant accord convertible quattro armada ssangyong optima alfaromeo armada infiniti mini pacifica jaguar escalade caravan mercedesbenz cayenne quattro spectra caravan civic quattro fiat volvo rabbit daewoo saab fiat geely bufori terraza convertible infiniti murano avant abarth montecarlo allure quattro corolla opel mitsubishi toyota rav cabriolet trailblazer commander bufori porsche wagon rabbit rio bedford elantra tata astonmartin cayman equinox rav allure armada murano azera matrix abarth spyker astonmartin spectra isuzu bentley citroen jeep trailblazer opel mercedesbenz pacifica camry lexus eclipse commander cadillac camry subaru abarth tata saab sedona zephyr daihatsu bolwell highlander abarth sedona armada abarth sedona elantra bentley mercedesbenz rangerover mini rabbit skoda dodge bufori civic mercedesbenz wagon civic altima murano bentley camry equinox altima hino murano opel camry pickup tacoma accord sienna optima volvo ssangyong caterham zephyr renault rolls-royce geely solara viper expedition lanver chrysler bedford avalon trailblazer maserati coupe wagon cayenne caterham amanti daewoo mercedesbenz armada spectra coupe accord renault rangerover lotus bolwell lotus zephyr bufori expedition tucson taurus sorento citroen sebring allure terraza lotus cadillac cabriolet chrysler porsche alfaromeo austin greatwall explorer skoda toyota 4runner rav volvo taurus murano rangerover tundra elantra pacifica lexus fiat elantra proton spyker cadillac cabriolet lexus equinox sienna hino caterham saab pacifica isuzu cayenne porsche sorento sedona coupe lotus maserati rio rangerover rolls-royce jeep taurus suzuki 4runner elantra cadillac sebring hino escalade jeep explorer solara avalon expedition suzuki greatwall endeavor opel cayman camry expedition boxster suzuki montecarlo abarth wagon explorer tacoma landrover landrover rav durango armada citroen spyker stratus taurus jeep bentley azera maserati rav sportage 4runner tucson elantra volvo tacoma zephyr rabbit lotus landrover bufori rabbit isuzu cayman rangerover rav viper alfaromeo spyker tacoma rio terraza zephyr coupe sedona bolwell amanti terraza murano jeep jaguar bufori maserati landrover tacoma opel spyker tacoma eclipse corolla equinox suzuki chrysler rio prius coupe lexus saab dodge rabbit mini sebring wagon rolls-royce sienna sebring bufori suzuki cayenne sportage maserati allure scion maserati fiat tata spectra spectra pickup bufori suzuki durango saab infiniti infiniti jeep rolls-royce sebring lotus scion saab viper expedition landrover astonmartin mitsubishi armada elantra mitsubishi alfaromeo tacoma opel rav spyker jeep chery rolls-royce optima avalon porsche armada armada sorento lanver scion tata boxster landrover explorer saab azera solara sebring cabriolet accent taurus avalon prius prius taurus taurus mini cabriolet murano accord cadillac lanver optima boxster tacoma prius opel rangerover citroen wagon viper avalon elantra austin murano sienna geely convertible azera elantra daihatsu wagon montecarlo lexus highlander wrangler 4runner mercedesbenz pickup tundra lanver rabbit infiniti chrysler wrangler daewoo rio bedford sienna renault mini accord coupe rangerover highlander tacoma sebring mitsubishi daewoo greatwall escape maserati daihatsu sebring terraza lotus escape tacoma suzuki renault geely avalon amanti sequoia rio corolla tucson caterham durango abarth infiniti tacoma stratus tucson geely caravan sequoia optima isuzu mitsubishi greatwall equinox terraza accent pacifica austin escape hummer optima sportage abarth zephyr toyota endeavor ssangyong stratus daihatsu sequoia abarth hummer hino tundra rio avant chevrolet renault zephyr pickup elantra fiat montecarlo spyker saab 4runner cabriolet pacifica porsche bentley sedona tucson trailblazer rangerover 4runner pickup tacoma alfaromeo trailblazer mitsubishi geely avant 4runner landrover viper taurus commander geely cabriolet accord armada cayman explorer cayenne camry hummer trailblazer montecarlo montecarlo ssangyong 4runner highlander caterham matrix spectra jeep equinox subaru spyker corolla solara matrix rio renault chery sienna landrover elantra sedona sienna elantra solara wrangler armada sequoia cayenne spectra rolls-royce jeep expedition bufori coupe lanver commander cabriolet abarth caterham lotus civic avant durango coupe rio explorer daihatsu solara caravan sportage commander escape citroen astonmartin renault expedition elantra porsche chrysler daewoo matrix prius expedition solara stratus caravan spectra taurus caterham austin durango sebring fiat infiniti trailblazer eclipse chrysler volvo optima astonmartin highlander infiniti amanti sedona cayenne allure suzuki tundra explorer sorento armada tucson prius tucson opel cabriolet matrix avant rabbit geely abarth astonmartin landrover jaguar civic toyota altima civic lexus mitsubishi tacoma saab caterham lexus volvo infiniti sienna cayenne viper greatwall prius altima chery accent prius equinox sportage allure citroen tacoma daewoo rav lotus highlander wrangler lotus opel chevrolet quattro citroen opel eclipse 4runner saab subaru sportage azera hummer cayenne lotus convertible opel durango taurus subaru chery azera solara astonmartin geely elantra spyker avant prius azera sorento boxster cabriolet taurus murano sportage saab hummer altima commander explorer lotus allure bolwell opel wrangler montecarlo mini maserati bentley cayenne jaguar rio skoda escalade volvo eclipse cayenne ssangyong hino greatwall solara murano daewoo tacoma chrysler commander opel lexus lanver stratus boxster elantra equinox renault viper caravan 4runner greatwall sebring jaguar isuzu chery austin citroen trailblazer abarth tata geely cayman corolla quattro commander lotus chevrolet austin citroen chrysler endeavor hummer spyker scion convertible lexus bedford zephyr elantra matrix subaru coupe sorento bentley rangerover chevrolet explorer landrover bufori convertible expedition coupe 4runner chrysler hino geely geely coupe sedona spectra daihatsu eclipse geely escape 4runner bolwell renault azera cadillac sequoia sedona quattro sorento chrysler sienna pacifica infiniti skoda skoda commander montecarlo lotus murano scion equinox tata lanver sportage scion volvo tundra civic hino accord trailblazer fiat volvo elantra montecarlo jaguar lanver wagon abarth subaru altima sequoia sebring isuzu viper allure durango azera optima lanver avant armada saab daihatsu accord astonmartin citroen stratus cadillac alfaromeo chrysler mercedesbenz tucson daewoo 4runner daihatsu austin highlander tundra toyota taurus opel sienna quattro matrix cadillac landrover sedona jeep accord geely solara dodge eclipse dodge optima geely jeep escalade quattro chery escape sebring wagon cadillac saab porsche armada caravan equinox durango corolla zephyr durango tata bufori bentley bufori taurus trailblazer caterham avant cadillac ssangyong renault 4runner dodge tata explorer escalade zephyr stratus citroen porsche accent pickup equinox daihatsu landrover ssangyong explorer allure mercedesbenz rangerover proton renault murano sequoia boxster boxster jeep isuzu commander mini hino accent chevrolet toyota escalade cayman rolls-royce volvo lotus caterham dodge boxster spectra isuzu tata spectra azera jaguar rolls-royce terraza murano austin sportage elantra stratus armada lotus avant escalade fiat infiniti lanver austin elantra quattro landrover sequoia cabriolet lexus caravan matrix spectra accord tacoma pacifica sebring subaru bolwell geely terraza solara accord spyker equinox solara jaguar escape amanti quattro cabriolet cayenne renault citroen stratus caterham scion armada spyker pacifica renault bentley saab montecarlo eclipse chevrolet lanver saab corolla saab chrysler scion cadillac trailblazer tundra landrover sequoia landrover convertible rio abarth tata explorer taurus lotus corolla caravan porsche highlander lotus skoda lanver equinox bufori saab volvo hummer altima saab quattro hino caravan geely tata isuzu terraza skoda rangerover endeavor isuzu cabriolet coupe chery hummer renault corolla boxster bolwell pickup equinox endeavor spectra sequoia solara 4runner corolla camry equinox sebring azera spyker pickup sequoia porsche mitsubishi rabbit cabriolet elantra saab rolls-royce toyota rabbit chery cayenne austin tacoma lexus landrover mitsubishi corolla highlander lexus citroen sebring wagon daewoo coupe toyota boxster quattro proton prius boxster lexus scion boxster 4runner endeavor matrix landrover sequoia lotus proton sequoia alfaromeo scion jaguar cabriolet equinox sequoia elantra mini renault viper ssangyong toyota avalon sequoia lexus spyker rolls-royce expedition toyota rio azera rolls-royce citroen viper elantra landrover sienna mini tacoma caravan suzuki terraza scion mini suzuki rangerover avalon terraza cadillac commander scion skoda isuzu austin avalon sportage rav corolla porsche suzuki citroen amanti sienna tundra hino fiat trailblazer stratus taurus boxster proton spyker civic citroen eclipse renault rangerover tucson bolwell rio jeep convertible taurus solara spyker elantra zephyr tucson sportage chrysler eclipse endeavor expedition commander cadillac endeavor hino sequoia avalon coupe landrover bufori explorer skoda saab escalade mitsubishi allure sportage caterham bentley tata sienna rio bedford rangerover maserati stratus amanti astonmartin austin bolwell allure jaguar taurus citroen quattro equinox lexus dodge caterham trailblazer alfaromeo skoda accent boxster solara lexus dodge chery wrangler coupe rav scion bentley cayman dodge civic hino prius camry renault rav bufori caravan durango sienna daewoo cadillac taurus taurus sedona mini equinox wrangler astonmartin
