rangerover explorer viper sequoia mercedesbenz austin accord tucson stratus spyker jeep eclipse cayman sportage porsche endeavor expedition mitsubishi azera boxster maserati azera montecarlo saab wagon subaru cayenne cayman greatwall cadillac hino chery trailblazer coupe azera fiat expedition caravan murano corolla caterham coupe fiat stratus rio azera toyota camry zephyr volvo lanver infiniti citroen infiniti escape wrangler stratus amanti subaru armada taurus skoda accent terraza citroen geely azera boxster sportage tucson mitsubishi jaguar sedona daihatsu optima subaru jaguar allure pickup alfaromeo hino renault camry escalade accord wrangler escalade daewoo taurus cadillac eclipse armada greatwall trailblazer accent cadillac austin azera sorento camry subaru sequoia viper hummer quattro avant daewoo commander eclipse spectra pacifica cabriolet volvo sebring stratus opel convertible volvo murano avant equinox saab opel rav sienna geely jaguar sequoia opel greatwall mini cayenne prius matrix jeep bentley murano camry astonmartin rabbit quattro cadillac spyker alfaromeo murano renault avalon amanti astonmartin solara greatwall sportage bentley infiniti endeavor austin rolls-royce chery tata subaru avant solara tata landrover accent lexus chevrolet viper lanver elantra elantra alfaromeo opel mitsubishi equinox zephyr volvo alfaromeo avant mercedesbenz expedition avalon sequoia daihatsu sequoia volvo matrix mini accent sebring hino rangerover maserati caravan sportage sequoia cabriolet austin zephyr infiniti chrysler quattro bufori chery camry sienna azera civic dodge viper bolwell rav trailblazer matrix convertible geely rolls-royce cabriolet sienna chery ssangyong altima cayenne sequoia cayenne rio avant rio chevrolet accord pacifica opel infiniti mitsubishi elantra cadillac spyker hummer jaguar durango azera rio daihatsu tacoma wrangler rolls-royce jeep suzuki hummer montecarlo coupe tucson expedition wrangler rio daewoo astonmartin explorer sedona elantra mitsubishi bolwell skoda stratus jeep daihatsu azera mitsubishi zephyr astonmartin rio accent eclipse quattro alfaromeo jeep stratus zephyr renault eclipse fiat murano chrysler rolls-royce explorer bedford convertible trailblazer cadillac jaguar elantra lanver accord maserati hummer jaguar lexus toyota chrysler explorer wagon cabriolet tucson astonmartin sequoia rav chevrolet tacoma amanti rav daihatsu elantra zephyr camry trailblazer viper cabriolet rav wrangler pickup wrangler viper cayman porsche renault wagon rav daewoo chevrolet bentley rabbit escape terraza mitsubishi trailblazer scion volvo lotus lexus jaguar allure greatwall tacoma sebring altima spectra cadillac suzuki solara murano azera hino optima rangerover chrysler maserati saab astonmartin rav toyota scion pacifica bolwell volvo infiniti tata hummer geely amanti bedford jeep geely tacoma bentley amanti allure escape rangerover proton suzuki sedona lotus eclipse proton cabriolet azera camry jeep lexus citroen opel taurus astonmartin bedford sebring suzuki tacoma bufori viper mercedesbenz terraza civic durango caravan prius infiniti highlander jaguar porsche matrix eclipse terraza dodge expedition daewoo cadillac accord accord mercedesbenz rio avant mini endeavor boxster renault coupe tundra armada volvo tundra jeep wrangler explorer mitsubishi scion 4runner abarth trailblazer hino allure cayenne fiat spyker hummer wagon rabbit greatwall porsche lanver isuzu jeep endeavor cadillac sorento expedition viper expedition mercedesbenz rolls-royce bentley porsche caterham quattro skoda matrix wrangler accord armada pickup coupe accent porsche rav durango quattro renault daihatsu rolls-royce spectra corolla dodge maserati sequoia opel chevrolet maserati rio matrix sienna pacifica durango coupe austin citroen scion amanti optima daewoo avant subaru sedona solara tucson jeep avalon tucson viper accord daihatsu infiniti geely accord cadillac amanti accord optima lanver geely 4runner convertible mini daewoo renault daewoo equinox murano landrover tundra durango trailblazer trailblazer greatwall lotus skoda civic escape tucson ssangyong cayenne wagon amanti hummer sequoia stratus murano rav proton accent avant taurus bolwell durango lexus escalade 4runner spyker mercedesbenz bolwell citroen eclipse astonmartin chery daewoo spyker zephyr cayman prius coupe spectra avant cayenne corolla mercedesbenz astonmartin durango camry landrover accent subaru tundra murano highlander jaguar terraza altima corolla spyker renault avalon bolwell terraza jaguar sienna sportage wagon tucson altima cayman jaguar viper fiat cayman saab corolla saab landrover bentley infiniti cabriolet allure abarth greatwall sedona boxster rabbit amanti trailblazer rolls-royce civic sorento quattro caterham commander hino renault ssangyong boxster subaru tacoma eclipse avalon scion hino trailblazer volvo cabriolet eclipse renault mini tundra sebring landrover volvo sedona accent taurus equinox ssangyong proton caterham cayman durango skoda isuzu durango hino rolls-royce sportage taurus caterham elantra lanver bentley greatwall saab taurus bedford jeep chrysler accord subaru corolla sequoia allure chery explorer wagon cabriolet commander caravan escape taurus renault tacoma escape spectra geely volvo dodge jaguar avant wagon mercedesbenz convertible quattro volvo wrangler hummer daewoo suzuki viper escape accord tacoma lexus cayenne renault bedford prius tata azera cayman suzuki commander toyota bedford montecarlo saab trailblazer geely wagon citroen commander fiat mini camry abarth sedona avalon taurus quattro avalon armada infiniti chevrolet chrysler stratus sienna murano suzuki saab convertible terraza jaguar ssangyong citroen convertible caterham armada lotus tucson proton coupe volvo cadillac equinox 4runner 4runner zephyr endeavor expedition renault lotus amanti hummer optima geely terraza accord cayman camry tucson elantra endeavor subaru coupe rio alfaromeo avant cabriolet bufori renault cabriolet sebring pickup rio cayenne porsche subaru abarth wrangler chevrolet commander rio mitsubishi lanver isuzu hino astonmartin 4runner corolla bentley sebring cabriolet spyker astonmartin cayman tundra jeep tacoma accent zephyr hummer avalon optima matrix opel maserati optima cadillac zephyr cabriolet elantra optima montecarlo zephyr taurus viper chery optima rabbit avant sequoia pickup spyker durango mercedesbenz bentley ssangyong astonmartin explorer azera sienna lexus bedford tata optima lanver toyota skoda optima durango stratus cabriolet cayman bufori rolls-royce mercedesbenz hino amanti viper rolls-royce caravan landrover volvo amanti stratus optima sequoia alfaromeo stratus rangerover azera lanver pickup daewoo amanti altima boxster prius spyker lexus bolwell geely equinox isuzu sienna chevrolet cabriolet citroen chrysler geely solara accord saab boxster daihatsu hino rolls-royce matrix boxster rangerover murano prius porsche armada cayenne quattro chrysler tundra quattro stratus chrysler expedition lotus caravan explorer abarth sebring azera terraza skoda subaru viper sienna wagon hummer taurus rabbit corolla explorer azera citroen rangerover corolla equinox azera porsche terraza eclipse rangerover bentley endeavor alfaromeo bedford trailblazer proton cayenne sebring lotus pacifica tucson explorer amanti taurus terraza sebring bolwell lanver bolwell fiat geely lexus wagon bufori endeavor lanver altima hummer isuzu rio quattro volvo jaguar cabriolet cadillac civic renault eclipse chery caterham civic highlander escape sequoia wagon maserati tucson terraza rio abarth coupe lanver stratus tacoma wrangler isuzu rabbit astonmartin sebring saab caterham viper sienna stratus endeavor sebring sebring ssangyong avalon subaru bolwell allure geely wagon accent maserati opel porsche bedford escape toyota bolwell landrover alfaromeo skoda terraza sportage porsche explorer saab ssangyong isuzu montecarlo caravan mini rio volvo altima armada quattro sportage civic hummer tundra tata mercedesbenz zephyr opel bolwell matrix daewoo mini fiat austin lanver eclipse allure accent optima murano proton tacoma commander caterham endeavor stratus landrover escalade convertible armada expedition escalade wagon sorento maserati tucson murano sequoia montecarlo cayman lexus allure boxster sebring altima prius scion isuzu pickup endeavor mini lexus lanver landrover murano jeep isuzu tucson rio sportage rav daewoo austin quattro viper taurus jaguar stratus hino spectra jeep volvo murano rav infiniti trailblazer taurus sebring landrover sedona sebring lexus coupe chrysler taurus altima eclipse porsche maserati allure abarth durango lotus boxster isuzu bentley endeavor terraza allure sienna murano skoda stratus expedition caravan bedford isuzu scion subaru rio bufori caravan armada astonmartin daewoo chrysler sedona hummer rav fiat commander corolla caterham bedford sebring lanver scion commander daihatsu bufori optima convertible mercedesbenz sienna hino sportage dodge abarth maserati dodge alfaromeo solara explorer murano chevrolet porsche hino geely eclipse cadillac trailblazer astonmartin boxster alfaromeo bolwell tata viper chrysler zephyr caterham dodge bolwell bedford greatwall subaru greatwall bolwell montecarlo mitsubishi alfaromeo cayenne rio pacifica accord infiniti astonmartin sportage cayman coupe viper fiat sportage cayman trailblazer lexus rabbit saab optima escalade rolls-royce sedona subaru citroen trailblazer proton spyker expedition accord sorento equinox quattro murano suzuki chevrolet lotus rangerover volvo jeep proton explorer wagon cayenne sequoia lotus citroen chery wrangler chrysler lexus austin rav hummer daewoo highlander landrover rio mitsubishi equinox tacoma caravan viper suzuki amanti durango avalon escape accord chrysler wagon sportage bedford caravan infiniti matrix skoda trailblazer escape altima cayenne boxster sportage amanti endeavor accent suzuki suzuki hino prius hummer accent taurus viper volvo rabbit zephyr wrangler caravan cayenne infiniti infiniti chery armada azera citroen suzuki boxster isuzu eclipse renault landrover chrysler viper durango sedona subaru caravan infiniti avalon sportage quattro renault accord matrix montecarlo proton daihatsu cadillac cayenne citroen bufori mitsubishi mercedesbenz sorento porsche austin sebring chrysler mini daihatsu quattro subaru spectra armada
