amanti jeep austin ssangyong austin tacoma sebring proton avant highlander fiat convertible pickup boxster tacoma opel rabbit endeavor endeavor wrangler amanti isuzu maserati stratus cadillac tucson quattro terraza saab maserati allure hummer mercedesbenz alfaromeo boxster matrix scion tata spyker cayman daewoo elantra optima terraza lotus proton azera infiniti hino cabriolet camry equinox escalade citroen porsche durango expedition matrix citroen durango civic mercedesbenz caterham daewoo cadillac sportage chery chrysler maserati rabbit chrysler rabbit mercedesbenz proton spectra isuzu mini bentley allure convertible hummer cayman rio quattro maserati azera hummer tucson bufori tacoma endeavor suzuki lanver civic fiat mini convertible convertible sequoia quattro wagon mercedesbenz subaru matrix commander porsche dodge dodge camry viper abarth pacifica taurus rabbit bufori porsche volvo spyker caterham escalade wagon elantra tata rio sienna boxster avalon durango chrysler citroen optima rolls-royce isuzu viper taurus murano jaguar porsche montecarlo spectra wagon sportage tundra montecarlo scion lanver pickup avant rangerover caravan commander wrangler renault highlander sienna altima tata amanti proton accent quattro isuzu renault montecarlo tucson sportage greatwall bufori daihatsu astonmartin proton spyker pacifica isuzu highlander subaru highlander wrangler lanver azera daihatsu escape sportage toyota saab murano proton jaguar avalon landrover cayenne alfaromeo montecarlo chrysler mitsubishi viper rav accent geely bentley tundra chevrolet coupe accord elantra rav solara sebring highlander skoda spyker bentley accent bentley bolwell jaguar stratus sportage daewoo boxster lexus wagon prius suzuki saab montecarlo cabriolet montecarlo convertible alfaromeo abarth chevrolet lanver terraza proton greatwall quattro abarth caravan mitsubishi pacifica viper cayenne expedition austin porsche lanver corolla spectra spyker volvo suzuki fiat geely azera saab austin avalon rav bufori sienna lotus coupe isuzu bedford boxster montecarlo lexus bedford chevrolet stratus coupe saab azera chrysler mercedesbenz subaru sorento austin corolla montecarlo chrysler prius proton geely explorer chrysler daihatsu sebring rangerover lexus sportage hino chery taurus eclipse spectra mercedesbenz geely toyota mercedesbenz sorento durango sportage landrover lanver sequoia subaru ssangyong wagon rolls-royce cayman geely austin jeep rolls-royce renault optima murano infiniti bufori saab terraza durango cayman pickup proton tata solara escape tacoma sienna tucson armada boxster dodge renault jeep tacoma porsche daewoo austin expedition taurus geely toyota cabriolet maserati mitsubishi pacifica sienna 4runner cayenne endeavor sienna mercedesbenz elantra bolwell murano greatwall rabbit volvo geely amanti sebring corolla lexus boxster explorer civic montecarlo sequoia tacoma lotus boxster cayman lanver skoda greatwall sequoia optima sequoia equinox skoda armada scion sorento mini optima azera sorento rav murano endeavor altima maserati mitsubishi allure allure convertible accent quattro rio bedford jeep abarth saab avalon daihatsu avant spyker solara spectra ssangyong prius sebring explorer bufori escalade spectra commander taurus hummer renault coupe mitsubishi astonmartin convertible citroen subaru proton chrysler greatwall proton accent accord pacifica fiat spectra chery mini matrix spectra sebring porsche commander cabriolet fiat pacifica avant avalon 4runner rangerover explorer ssangyong jeep quattro opel sebring lotus chrysler allure eclipse rangerover montecarlo durango 4runner jeep sequoia endeavor sienna durango alfaromeo tacoma escape porsche altima accord jeep caterham cabriolet caravan hummer armada spectra bentley scion astonmartin daewoo lexus explorer viper chevrolet sportage avant trailblazer cabriolet sorento explorer volvo azera suzuki quattro zephyr camry pickup renault mercedesbenz endeavor caterham taurus bedford porsche porsche montecarlo sebring highlander allure tacoma ssangyong spyker rav murano jaguar caterham mercedesbenz pickup renault sienna rolls-royce commander cayenne escalade chevrolet sebring lanver montecarlo dodge durango zephyr equinox mini caravan altima durango optima altima ssangyong pickup sequoia sienna citroen bentley greatwall jaguar allure tucson alfaromeo commander armada rio spyker amanti mercedesbenz hummer chrysler commander sebring proton maserati cadillac austin avalon wagon sportage civic azera hummer avant montecarlo volvo altima toyota pickup matrix saab jeep endeavor rio bolwell chevrolet rangerover elantra altima saab escape avalon tucson coupe rabbit hummer viper cayman tata lotus equinox trailblazer daihatsu abarth alfaromeo murano accent allure terraza eclipse daewoo prius cayman matrix accord azera opel bolwell solara chevrolet solara terraza tata wrangler renault altima jaguar sorento armada solara pickup bolwell prius caravan astonmartin alfaromeo renault lotus escape hummer equinox wrangler altima 4runner viper mercedesbenz 4runner cabriolet accord tacoma greatwall convertible mercedesbenz mercedesbenz maserati sedona tucson taurus sorento hino austin escape equinox elantra isuzu elantra corolla infiniti wrangler taurus proton escalade terraza renault proton daewoo boxster abarth accord azera opel convertible ssangyong cabriolet tucson subaru saab lanver opel commander hummer tacoma sequoia bedford geely solara bolwell jeep highlander matrix rabbit citroen amanti sorento trailblazer toyota alfaromeo bolwell equinox wrangler prius proton avant taurus explorer lanver spectra terraza explorer stratus mitsubishi tacoma durango eclipse quattro rabbit eclipse cayenne ssangyong coupe endeavor sienna scion volvo terraza tundra sienna tundra boxster rangerover volvo eclipse azera convertible skoda chrysler opel allure bufori rav civic hummer murano tucson suzuki eclipse convertible saab hummer escape geely tata bentley isuzu cadillac escalade caravan sedona jeep sequoia bolwell scion caravan infiniti saab austin ssangyong rangerover alfaromeo tundra austin avalon sienna murano bentley pacifica subaru astonmartin elantra terraza maserati caterham chery skoda sorento bufori sebring hummer accord highlander tata 4runner saab wagon jaguar cabriolet eclipse accent saab optima accord mitsubishi murano porsche avalon sienna fiat scion maserati subaru hummer montecarlo armada rabbit sedona bedford avant prius subaru bolwell optima avant chevrolet cadillac wrangler eclipse prius rangerover 4runner lanver azera altima taurus chrysler wrangler commander amanti explorer quattro 4runner azera commander jaguar rolls-royce amanti saab mercedesbenz rabbit quattro bufori citroen austin pacifica matrix bentley highlander daewoo proton armada subaru equinox sienna convertible accent renault cadillac toyota eclipse mitsubishi avant infiniti zephyr wrangler rav austin matrix suzuki spectra accent azera ssangyong bedford citroen explorer sedona rabbit coupe corolla armada lanver civic rangerover mitsubishi daihatsu endeavor camry chevrolet volvo citroen alfaromeo maserati sienna viper montecarlo sequoia proton bentley geely prius accord taurus tucson stratus daewoo commander toyota dodge tundra toyota murano hino camry austin wagon eclipse bedford azera hino cabriolet scion bentley durango ssangyong rav montecarlo lanver amanti abarth tundra sportage corolla porsche sienna abarth rabbit austin camry tundra durango viper viper chery lotus altima sorento rav taurus allure sebring cayenne greatwall isuzu sportage scion rio ssangyong bolwell lexus sebring amanti chery cabriolet scion pickup infiniti explorer tucson commander mitsubishi lanver bolwell convertible endeavor astonmartin eclipse skoda terraza tucson matrix montecarlo optima solara civic bufori optima montecarlo tucson trailblazer cayenne elantra chery astonmartin citroen 4runner subaru geely saab mercedesbenz tata alfaromeo rav subaru lexus rio terraza escalade tundra ssangyong bedford spyker civic sienna sportage dodge lexus equinox spyker caterham avant austin mini rabbit austin cabriolet montecarlo matrix zephyr murano camry skoda alfaromeo trailblazer prius alfaromeo highlander boxster geely accord lexus highlander maserati pacifica daewoo spectra geely camry hummer quattro cadillac caterham lanver ssangyong toyota hino suzuki sebring bentley terraza opel mitsubishi highlander rangerover wagon porsche toyota isuzu civic endeavor camry bentley sequoia chrysler cayman commander chevrolet citroen amanti isuzu sebring daihatsu rangerover lanver eclipse opel pickup endeavor tata hino ssangyong abarth viper chevrolet skoda rio citroen stratus wagon maserati skoda escape caterham pickup bedford tucson ssangyong suzuki subaru spectra daewoo optima saab astonmartin sorento cabriolet tucson allure renault hummer avant tata rabbit 4runner infiniti infiniti solara alfaromeo citroen cayenne montecarlo explorer viper greatwall subaru montecarlo solara stratus lotus sienna solara lexus convertible proton terraza jaguar proton murano sorento rangerover expedition dodge elantra matrix boxster 4runner isuzu trailblazer wrangler austin maserati avant equinox armada coupe highlander greatwall rio camry abarth mini accent amanti convertible skoda endeavor toyota bufori coupe boxster volvo equinox mercedesbenz hummer expedition lanver boxster porsche rolls-royce chrysler suzuki avalon bentley murano eclipse cayman alfaromeo corolla commander mitsubishi sportage daihatsu bufori daewoo wagon rav bufori fiat rolls-royce rio mini infiniti tucson rangerover citroen camry mercedesbenz escape altima citroen austin daewoo highlander mini explorer rav 4runner abarth highlander mini bufori optima trailblazer cabriolet accent scion solara matrix commander lexus sorento expedition mitsubishi geely solara isuzu greatwall equinox rangerover greatwall saab sportage highlander commander chery avant tacoma tucson skoda explorer chevrolet prius stratus hino astonmartin landrover coupe volvo hummer murano suzuki quattro escalade mitsubishi bentley spyker rabbit quattro matrix highlander tundra alfaromeo opel corolla murano elantra spyker alfaromeo convertible avant quattro rabbit saab skoda quattro renault tacoma chrysler wrangler commander lotus caravan caterham bufori 4runner sorento commander sportage durango proton caravan durango cayenne fiat sportage geely rangerover amanti taurus sequoia taurus rio caravan austin pacifica citroen isuzu murano sienna skoda spectra cabriolet rav civic tucson daewoo lotus sebring altima volvo avalon sedona sienna rabbit daewoo sedona maserati skoda dodge tata tata murano caterham sedona cayman rolls-royce suzuki optima citroen sportage sebring expedition toyota volvo infiniti amanti altima proton cayman terraza sorento durango lotus accent mitsubishi daihatsu prius durango stratus chevrolet caterham bufori infiniti proton optima accent terraza mercedesbenz spectra toyota rav expedition chery pacifica camry escalade suzuki chery zephyr wagon terraza eclipse avalon toyota daewoo lanver suzuki
