escape durango sportage accord austin eclipse endeavor cadillac renault quattro eclipse subaru rabbit accord 4runner hino taurus avalon coupe alfaromeo cadillac infiniti escape saab viper equinox proton tacoma viper bolwell cayenne accent sequoia mercedesbenz proton armada boxster proton geely rolls-royce armada 4runner daihatsu subaru highlander elantra bufori corolla expedition bufori rav sienna civic escape montecarlo isuzu terraza rav volvo chrysler proton cadillac coupe altima proton sedona porsche chery prius trailblazer allure sequoia avalon wrangler austin camry lexus porsche austin isuzu pickup sebring explorer jeep bolwell caravan rav tata tacoma daewoo prius 4runner matrix sedona jeep fiat alfaromeo tacoma lanver armada murano zephyr rav caterham stratus cayman sedona quattro jeep chery cabriolet viper lotus volvo civic daewoo explorer sequoia rangerover caterham quattro tucson suzuki tacoma stratus highlander rolls-royce montecarlo explorer opel escalade sequoia escape equinox avant ssangyong commander camry daihatsu sienna infiniti avalon accord caravan daihatsu sebring sequoia hummer mini murano citroen bufori sequoia mini stratus equinox rangerover elantra lexus jaguar chery saab murano rabbit 4runner commander spyker daihatsu quattro quattro astonmartin commander daihatsu azera hummer opel lotus lexus sedona viper boxster renault endeavor altima proton landrover tata rav hino escalade bufori sienna sienna sorento spectra tucson expedition rolls-royce camry tundra corolla equinox zephyr porsche bedford tacoma prius tata landrover daihatsu abarth jeep spyker tundra tacoma allure sedona bolwell ssangyong trailblazer opel sorento commander bolwell volvo viper explorer escalade cabriolet bentley rav expedition wrangler daewoo jaguar 4runner subaru isuzu bentley isuzu durango endeavor solara durango maserati austin landrover bedford lotus pacifica hino elantra 4runner opel bedford escalade trailblazer armada explorer equinox alfaromeo 4runner amanti accent montecarlo rav tata armada austin caravan boxster matrix rio taurus lexus jeep subaru geely durango daewoo citroen tata durango altima toyota rolls-royce convertible escape landrover explorer viper caterham proton escalade boxster bolwell prius avant infiniti spectra scion tacoma chery eclipse bentley sportage avalon bedford bentley zephyr fiat daihatsu montecarlo durango scion mercedesbenz cabriolet avalon suzuki ssangyong trailblazer bedford prius armada accord daihatsu rolls-royce bedford viper citroen astonmartin allure montecarlo equinox rangerover bolwell opel accent geely sportage infiniti azera sedona sorento jeep convertible corolla landrover sienna saab jeep rav montecarlo dodge citroen corolla lotus sequoia opel murano mini opel altima equinox skoda rolls-royce viper astonmartin infiniti altima sedona lanver hino escape rabbit chevrolet chery highlander explorer civic sedona wrangler camry tucson maserati subaru jaguar renault chevrolet spyker maserati bedford lotus wagon isuzu toyota renault zephyr amanti caterham greatwall tata citroen amanti quattro caterham lexus subaru altima stratus daihatsu highlander toyota stratus boxster jeep azera explorer daihatsu mitsubishi matrix bufori subaru ssangyong 4runner armada landrover solara scion cadillac hino volvo allure geely sienna coupe expedition abarth hummer civic rio infiniti sorento avalon civic chrysler scion alfaromeo sportage lanver tacoma sequoia scion bufori elantra accent avant suzuki convertible explorer suzuki ssangyong daihatsu boxster rangerover opel bufori coupe porsche convertible wagon 4runner opel cadillac sebring mini montecarlo mercedesbenz endeavor sequoia volvo austin convertible armada altima terraza hino tacoma viper isuzu hummer lexus citroen sorento sienna terraza chery cayenne pickup sienna skoda isuzu eclipse tundra jeep subaru subaru pickup terraza wagon rolls-royce optima maserati lexus cabriolet optima sienna murano cadillac elantra bolwell corolla sportage pickup escape abarth sedona sorento alfaromeo murano murano eclipse tata cayman chery convertible eclipse tucson montecarlo porsche tundra rabbit suzuki spyker jeep volvo chevrolet maserati taurus saab skoda infiniti armada jaguar stratus chery spyker avalon equinox bolwell pickup cadillac sebring bentley proton daewoo chrysler accent caterham fiat infiniti sedona eclipse spyker lexus austin zephyr chevrolet spectra tucson avalon elantra civic spectra greatwall porsche explorer zephyr austin sedona civic rio escape sedona abarth viper mitsubishi jaguar abarth cadillac opel porsche fiat rolls-royce porsche murano jaguar bufori pickup abarth sorento accent pacifica rio trailblazer lanver eclipse dodge skoda avalon cadillac ssangyong altima tundra chevrolet murano wagon jeep prius optima scion jaguar austin stratus tundra matrix trailblazer expedition renault hino tundra sienna rabbit accent cayman infiniti tucson sequoia avant accent lotus skoda cabriolet sportage stratus commander rio lanver optima sorento bolwell jaguar sportage opel sebring mercedesbenz fiat pacifica renault optima optima quattro isuzu wagon opel convertible isuzu bufori austin eclipse sedona fiat pickup avalon sorento lanver avalon spectra porsche astonmartin jeep eclipse rav taurus sequoia highlander toyota corolla highlander skoda tucson zephyr bolwell rolls-royce accent matrix tundra cabriolet cayenne commander maserati matrix quattro bolwell murano dodge caterham sorento fiat avalon rabbit tata rio mini corolla citroen rabbit boxster daihatsu endeavor cabriolet landrover ssangyong subaru pickup avalon durango alfaromeo mini subaru saab allure bufori toyota cabriolet endeavor toyota fiat avalon lanver taurus bufori rav sebring altima rio citroen sportage landrover subaru geely bufori azera equinox accord wrangler amanti sebring tundra cayenne montecarlo suzuki trailblazer terraza proton elantra toyota tacoma trailblazer armada accord renault pacifica bufori dodge chevrolet landrover isuzu alfaromeo suzuki landrover endeavor bufori fiat avalon daewoo chery montecarlo daewoo durango cadillac elantra explorer rio escape eclipse bedford spectra avant bedford terraza lotus scion sebring tacoma tucson spyker lotus wagon allure porsche hino camry dodge alfaromeo solara trailblazer scion ssangyong cabriolet hummer daewoo ssangyong mitsubishi trailblazer daihatsu jaguar escalade 4runner maserati jeep allure highlander abarth renault altima abarth azera daihatsu bufori avalon accent prius equinox accord camry sportage jeep altima sportage allure expedition astonmartin infiniti escape sequoia pickup lotus amanti mitsubishi explorer durango fiat tacoma stratus cayenne jeep subaru toyota sportage bufori pacifica abarth amanti cayenne dodge pacifica civic tucson isuzu bentley bolwell spyker accord cabriolet toyota ssangyong terraza azera montecarlo coupe corolla equinox equinox cadillac solara ssangyong sienna suzuki caravan chevrolet highlander isuzu sequoia chery renault sportage austin 4runner austin bentley subaru ssangyong eclipse suzuki avalon dodge amanti explorer spyker skoda stratus scion eclipse murano chrysler equinox isuzu eclipse sebring caterham avalon hummer avalon lexus eclipse murano murano 4runner corolla corolla endeavor endeavor trailblazer bedford accent sorento suzuki highlander dodge subaru austin avalon proton citroen daihatsu sebring subaru jeep highlander camry bufori cadillac rav volvo chevrolet rabbit pickup chevrolet tacoma expedition tacoma wagon geely suzuki rav amanti bentley mercedesbenz spyker azera porsche skoda sebring wrangler toyota altima daihatsu explorer armada porsche ssangyong hino avant commander wrangler ssangyong boxster wagon bedford rabbit allure citroen jaguar taurus endeavor isuzu austin scion lotus stratus daihatsu hummer mitsubishi lexus cayman tata avant fiat greatwall suzuki abarth citroen fiat solara viper sorento allure lexus saab bolwell scion mini astonmartin endeavor tucson austin cabriolet mitsubishi cabriolet sienna accent escape abarth avant sienna rio boxster eclipse tata endeavor pickup chrysler highlander toyota rio eclipse fiat stratus corolla jeep lexus jaguar hino matrix sienna altima tucson elantra sorento endeavor convertible avant equinox infiniti astonmartin terraza mitsubishi azera lotus equinox volvo murano cayman lexus montecarlo coupe montecarlo sebring tundra hummer 4runner tundra chery chery corolla boxster accent lotus prius renault hummer matrix optima bolwell quattro cayman infiniti murano alfaromeo caterham cabriolet accent proton chrysler eclipse dodge proton dodge pickup jaguar daihatsu rav civic accent suzuki quattro mini 4runner sportage wagon expedition alfaromeo jeep tucson mitsubishi alfaromeo scion fiat caterham armada elantra montecarlo geely trailblazer explorer avant rangerover mini greatwall sebring tata geely maserati escalade highlander rav quattro rabbit optima terraza greatwall lotus sienna endeavor wagon caterham commander subaru scion amanti corolla daihatsu commander rav opel altima durango caravan tucson wrangler hummer altima austin infiniti rav altima sienna hino altima 4runner isuzu solara infiniti jaguar skoda bedford endeavor rabbit proton spyker lexus avalon convertible citroen mercedesbenz cayenne sorento sequoia rio volvo sorento astonmartin rangerover maserati chrysler hino cayman daewoo tucson 4runner dodge 4runner viper escape quattro hummer escalade sebring toyota rio tacoma abarth avalon stratus avant lotus landrover porsche bolwell skoda cabriolet elantra stratus trailblazer bufori murano prius sedona solara camry cadillac taurus elantra toyota tundra daewoo mitsubishi commander austin solara bentley durango zephyr tucson cayenne murano spectra infiniti landrover endeavor porsche sebring viper lanver rabbit daihatsu bedford rangerover sorento highlander cadillac solara geely accord bolwell jaguar avalon spectra endeavor saab matrix rav commander chery toyota daihatsu mercedesbenz zephyr bolwell prius amanti opel elantra citroen caterham sienna cabriolet explorer austin greatwall mini sequoia escape civic tundra rangerover avalon eclipse prius porsche commander lexus dodge amanti skoda azera coupe chery murano pickup equinox trailblazer 4runner durango pickup rio optima stratus bufori eclipse bolwell dodge chery mini dodge daewoo rangerover alfaromeo amanti murano coupe jeep commander spyker expedition endeavor ssangyong isuzu eclipse hummer boxster pickup chrysler cayenne spectra isuzu lotus opel viper tucson sportage rav sebring rabbit saab trailblazer spyker camry lexus austin bolwell tacoma prius quattro isuzu caterham montecarlo viper expedition saab toyota tata camry ssangyong tata rabbit chevrolet optima avant quattro explorer lexus chrysler durango proton pickup cadillac sequoia jaguar austin optima amanti sportage chevrolet escalade astonmartin caravan sienna maserati bentley spyker armada porsche citroen eclipse pickup porsche wrangler wagon wagon rolls-royce alfaromeo murano bufori endeavor quattro highlander lanver endeavor suzuki opel endeavor sedona rio mini scion hummer accord volvo scion accent quattro solara sequoia mitsubishi chrysler volvo sorento citroen solara saab cayenne convertible rio stratus explorer toyota escape amanti caravan infiniti taurus tucson sorento daihatsu viper porsche chery porsche spectra alfaromeo opel infiniti toyota sequoia quattro cayenne bufori ssangyong camry tacoma rio amanti tundra volvo cadillac 4runner daihatsu astonmartin isuzu abarth mini renault toyota sportage caterham austin tucson maserati maserati wagon armada rav toyota lanver geely mercedesbenz daewoo bolwell avalon explorer sequoia commander convertible sedona spectra jaguar azera explorer daewoo jeep renault jeep austin jeep toyota bolwell mini renault sedona avant eclipse tata tata saab opel hummer scion montecarlo tacoma hummer murano solara greatwall tucson lexus taurus sienna tacoma isuzu 4runner lexus proton hino infiniti cabriolet rangerover explorer subaru sedona spyker jeep sorento avalon sedona armada scion viper prius caravan terraza spectra maserati armada scion dodge pickup dodge rav cayman accent expedition cadillac austin chrysler citroen caterham rabbit civic chrysler cadillac sorento rolls-royce mercedesbenz volvo stratus montecarlo tucson citroen murano rangerover astonmartin sorento mini avalon murano azera explorer caravan rio subaru chevrolet scion azera scion maserati mitsubishi cayenne mercedesbenz austin spyker tundra pickup terraza accord caravan chevrolet optima explorer fiat stratus civic renault hummer hummer escalade spyker greatwall proton rolls-royce armada sienna eclipse sorento astonmartin isuzu 4runner optima spyker prius sebring tucson rav renault jeep murano daewoo boxster convertible trailblazer trailblazer allure sedona lexus explorer boxster ssangyong landrover infiniti chery maserati sienna bentley landrover jaguar avant rolls-royce sebring renault suzuki trailblazer cadillac durango subaru tucson rio caterham prius trailblazer explorer equinox bufori amanti abarth cayenne lanver skoda avalon abarth proton avalon rolls-royce volvo sebring daewoo citroen trailblazer jaguar matrix subaru optima bentley chery volvo tata sienna daihatsu geely renault sienna amanti saab cadillac lexus endeavor daihatsu allure camry chrysler sienna cabriolet allure scion endeavor sorento elantra saab hino tundra tundra rio citroen lotus saab sedona caterham pacifica maserati bolwell wagon bentley hummer taurus isuzu taurus escalade elantra skoda mitsubishi sequoia geely civic bedford coupe ssangyong rangerover caterham mercedesbenz chrysler rolls-royce tundra landrover escalade sebring mini cayman amanti isuzu armada sequoia avalon tucson chrysler astonmartin cadillac opel accord civic pacifica suzuki chevrolet 4runner abarth astonmartin citroen solara austin convertible trailblazer zephyr astonmartin cayman rangerover jaguar stratus avant convertible expedition landrover maserati boxster hino chery wagon jeep maserati infiniti stratus chevrolet skoda sienna sedona sebring skoda sebring dodge bedford sedona civic rav bentley accent isuzu amanti rangerover rio saab altima austin coupe viper avalon jaguar eclipse corolla terraza toyota saab skoda caravan lotus murano chery avant jaguar chevrolet stratus zephyr daihatsu montecarlo expedition caravan quattro viper mitsubishi equinox bufori accent geely camry camry sedona dodge caterham sequoia chevrolet jaguar landrover spectra renault zephyr bufori lanver abarth terraza hino elantra terraza hino chevrolet greatwall toyota sebring avant sorento jaguar tundra subaru bufori allure tucson commander lotus eclipse terraza tata tata sebring chery cadillac abarth elantra accord tacoma sebring sienna rio lotus pickup daihatsu opel rangerover rolls-royce bufori corolla caravan trailblazer optima tata accord tucson solara amanti daihatsu cabriolet abarth proton astonmartin cayman
