avalon terraza quattro bufori zephyr geely civic daewoo spyker pacifica azera accord taurus tucson elantra sebring caravan lanver scion fiat sebring armada cayenne civic wrangler accord coupe lexus landrover avalon azera tacoma viper cayman bufori jeep rangerover cayenne austin landrover ssangyong zephyr spyker corolla maserati civic isuzu ssangyong civic tata dodge skoda rolls-royce suzuki caterham lotus prius lanver rolls-royce 4runner rio rav caravan jeep rangerover scion solara pickup solara corolla amanti spectra sedona montecarlo chrysler sportage lexus cadillac explorer solara opel geely bolwell bufori dodge dodge mercedesbenz eclipse lanver opel boxster skoda ssangyong avant spyker austin solara daewoo escalade sorento astonmartin saab terraza viper corolla tundra cabriolet convertible ssangyong astonmartin commander suzuki elantra fiat caravan quattro skoda tundra daewoo maserati 4runner sebring mercedesbenz sedona spyker lotus accord astonmartin sequoia abarth accord tundra tucson expedition matrix rio chrysler abarth endeavor caterham proton spectra saab volvo taurus cayman chevrolet astonmartin elantra spyker chrysler citroen armada hummer spyker chery sorento equinox bolwell murano sportage tata solara murano sedona tucson opel scion volvo infiniti corolla alfaromeo montecarlo opel boxster convertible subaru sorento escalade altima accord trailblazer explorer taurus greatwall chrysler wrangler boxster fiat porsche chrysler rio jaguar sebring camry accord jeep coupe escape isuzu bedford skoda taurus alfaromeo landrover sedona avant maserati optima bufori pacifica hummer elantra zephyr rangerover mercedesbenz spectra sportage convertible daihatsu tundra mercedesbenz wrangler bolwell chrysler caravan commander cayenne chevrolet rio skoda trailblazer solara eclipse lanver coupe daewoo pickup altima sportage elantra toyota rio solara boxster convertible spyker geely solara montecarlo highlander sebring caravan chevrolet isuzu chevrolet rav bedford sebring escape landrover corolla skoda avant solara viper durango endeavor sportage jeep equinox chrysler cabriolet cayenne bedford mini landrover hino altima endeavor proton hummer sequoia armada matrix opel scion sedona jeep 4runner amanti rav jeep armada sportage bufori taurus geely dodge mitsubishi proton viper avalon spectra rio endeavor toyota azera rolls-royce explorer commander accord spectra tacoma amanti abarth caravan zephyr avant explorer proton chrysler tacoma eclipse saab scion pickup amanti terraza isuzu saab bolwell wagon 4runner toyota solara bolwell allure rangerover sienna terraza mercedesbenz coupe alfaromeo maserati eclipse sportage sienna rabbit murano highlander sequoia rolls-royce accent sebring taurus subaru sorento escalade allure tata cayenne greatwall austin landrover matrix greatwall saab elantra durango azera hino terraza chrysler corolla equinox lexus rabbit austin highlander lanver murano coupe caravan sportage mitsubishi coupe highlander tucson convertible subaru rio infiniti rio armada sebring trailblazer quattro endeavor jaguar suzuki lanver explorer durango rav alfaromeo avalon murano suzuki cayenne corolla endeavor opel skoda altima elantra ssangyong daihatsu lotus cayenne bufori tucson endeavor corolla caterham ssangyong mini stratus equinox civic mini sienna tundra sorento sorento hummer renault civic bedford lexus rabbit hino dodge bedford optima isuzu maserati corolla zephyr opel sebring lotus renault taurus volvo chery elantra rolls-royce durango tundra allure chrysler cabriolet landrover chrysler escalade lotus commander avalon cabriolet citroen sedona chevrolet taurus equinox accent volvo sportage wrangler lanver spectra boxster mercedesbenz avalon volvo skoda amanti camry fiat porsche suzuki ssangyong saab zephyr lotus endeavor zephyr renault toyota daewoo dodge sebring caterham bufori chrysler skoda prius greatwall renault solara wagon mitsubishi proton durango alfaromeo avant avalon accord taurus quattro hino sienna tacoma coupe dodge bolwell geely sienna prius daihatsu hino daihatsu alfaromeo tacoma austin alfaromeo caterham amanti highlander chevrolet amanti cayenne azera greatwall fiat expedition pickup opel isuzu escape corolla bentley civic civic hino greatwall wrangler caterham eclipse escalade renault azera hino tucson scion tundra montecarlo alfaromeo dodge pacifica opel daihatsu explorer allure tacoma armada elantra geely rio expedition dodge expedition viper citroen cadillac opel matrix jaguar jeep isuzu quattro caravan spyker rio allure tata wagon endeavor montecarlo matrix equinox dodge sequoia endeavor commander jaguar allure tacoma sienna astonmartin hino sequoia daihatsu zephyr wrangler hummer highlander saab proton greatwall ssangyong zephyr mitsubishi isuzu amanti trailblazer explorer chevrolet daihatsu abarth eclipse expedition expedition volvo commander sebring suzuki elantra cayman bolwell maserati subaru caterham proton lanver amanti caravan daewoo caterham lanver expedition chrysler allure opel opel dodge highlander jaguar accord caterham tacoma rio highlander taurus sportage civic bolwell opel sedona tucson amanti camry porsche stratus zephyr altima greatwall jaguar astonmartin fiat durango skoda sorento ssangyong durango maserati pickup civic rio rio corolla astonmartin optima equinox avalon alfaromeo rabbit astonmartin boxster spectra sorento cadillac stratus porsche landrover renault tucson terraza convertible bolwell equinox saab mitsubishi convertible elantra accord saab dodge scion renault tucson taurus commander accord murano caravan pacifica escalade armada dodge caterham zephyr volvo commander geely tata landrover proton opel proton jeep rav solara chrysler spectra sequoia chrysler camry corolla escape rangerover avalon commander tucson isuzu amanti solara elantra scion caterham sequoia equinox escalade skoda boxster dodge escalade amanti chery civic skoda caterham wagon hummer bedford explorer elantra sebring bolwell saab sorento accord porsche montecarlo bedford saab tundra chrysler proton sportage trailblazer tucson bedford lanver murano 4runner armada elantra endeavor taurus daihatsu murano rabbit montecarlo avalon landrover alfaromeo pacifica tata matrix mercedesbenz sienna caterham fiat opel sebring accord accord durango eclipse fiat altima proton altima ssangyong maserati tata terraza montecarlo lanver viper montecarlo isuzu highlander cabriolet rolls-royce altima daewoo proton opel endeavor terraza sienna quattro tucson avant toyota sedona porsche cayman mitsubishi trailblazer sedona chrysler tucson tucson sorento terraza convertible avalon sebring sienna spectra trailblazer renault sienna austin rolls-royce civic sportage commander sorento tundra pacifica murano tacoma geely jaguar prius citroen coupe cayman escape hino volvo lanver sienna zephyr citroen chrysler lexus stratus sorento eclipse armada escalade daihatsu accent terraza prius cadillac wagon saab fiat altima bentley daewoo ssangyong armada austin commander landrover rangerover caterham lotus amanti tundra ssangyong mercedesbenz daihatsu coupe rabbit boxster sequoia jeep renault spectra expedition landrover ssangyong saab pacifica corolla daihatsu hummer rio rangerover daihatsu montecarlo rolls-royce maserati altima suzuki elantra abarth toyota bedford pacifica isuzu jaguar fiat solara 4runner mitsubishi infiniti optima murano eclipse mini hino bufori spyker chrysler tundra taurus corolla sebring proton endeavor caravan austin isuzu convertible astonmartin spectra cabriolet mitsubishi caterham isuzu mercedesbenz stratus hino sorento amanti abarth terraza taurus camry wrangler cadillac mercedesbenz coupe lotus commander wagon fiat chevrolet caravan corolla trailblazer wrangler geely lotus maserati solara astonmartin armada hino civic sedona chery escalade sienna mitsubishi coupe caravan convertible sequoia bolwell rolls-royce camry mini spyker lanver hummer cadillac amanti isuzu lotus ssangyong toyota corolla skoda elantra suzuki bentley geely opel tundra alfaromeo solara endeavor allure accord viper bedford escalade altima escalade hummer chery wrangler rangerover cayenne cadillac sequoia mitsubishi maserati maserati explorer volvo explorer tacoma cayman subaru astonmartin explorer azera lanver chevrolet geely convertible volvo commander lexus matrix volvo explorer cayenne sienna infiniti alfaromeo rolls-royce avalon mitsubishi cabriolet amanti escape geely terraza tucson rabbit camry volvo azera tata accent chery rolls-royce allure amanti prius sportage eclipse cabriolet bufori tacoma sebring mini sorento greatwall spectra bentley pickup mercedesbenz eclipse sienna altima accent chevrolet commander mercedesbenz alfaromeo escape commander bufori jaguar avalon solara spectra bentley armada 4runner boxster murano stratus hino escape amanti austin endeavor landrover camry daewoo cayenne caravan citroen tucson caravan sienna sportage caravan renault renault cayman suzuki opel 4runner lotus eclipse expedition lotus tundra stratus sienna sequoia isuzu durango escalade suzuki geely hummer chery tundra camry viper alfaromeo greatwall pacifica commander mini elantra lanver skoda chevrolet caravan accord optima rabbit tucson greatwall bolwell toyota bedford amanti maserati caravan escalade chrysler 4runner accent sienna daihatsu endeavor rabbit durango caterham explorer daewoo isuzu trailblazer rolls-royce hummer jeep mitsubishi equinox equinox durango altima hino azera caterham cadillac skoda opel camry sienna tacoma proton jeep boxster maserati rangerover renault lotus infiniti convertible civic austin taurus escape matrix taurus spectra cadillac citroen murano tundra murano rav solara sorento lanver hino lanver landrover rabbit chrysler rav coupe pacifica pacifica chevrolet sienna zephyr landrover altima caravan toyota stratus escape montecarlo lexus elantra optima corolla mitsubishi spectra toyota escape maserati lanver highlander wrangler lexus accord armada greatwall explorer tata subaru mitsubishi corolla toyota wrangler optima sportage rav citroen highlander viper austin tata sedona accent rangerover bedford avalon saab daihatsu highlander tata 4runner geely chevrolet montecarlo dodge amanti azera mercedesbenz durango escalade mercedesbenz escape toyota hino austin daihatsu spyker allure cayenne spyker spyker porsche maserati skoda camry tucson bufori cayenne allure rio montecarlo alfaromeo ssangyong cabriolet tata mercedesbenz sorento terraza mercedesbenz chrysler equinox sportage sequoia mercedesbenz mercedesbenz chery skoda tata maserati mitsubishi caravan tucson bolwell isuzu renault bentley astonmartin austin chrysler escalade greatwall rangerover lanver mini stratus coupe citroen corolla daewoo murano dodge chevrolet pickup tundra alfaromeo porsche allure pickup chery maserati altima hummer cadillac stratus convertible expedition rav lexus austin zephyr greatwall 4runner chrysler lotus jeep explorer greatwall amanti cadillac altima porsche murano optima tacoma mitsubishi explorer chrysler stratus volvo durango mitsubishi infiniti escape spectra tacoma highlander expedition spectra allure geely montecarlo spectra camry wagon cayman mitsubishi renault rav isuzu murano rabbit taurus mitsubishi equinox lexus geely convertible pickup sedona volvo subaru landrover armada lexus fiat abarth rio viper ssangyong pickup tundra saab coupe azera mercedesbenz terraza sportage commander rabbit accent cadillac armada isuzu jaguar amanti ssangyong daewoo rabbit astonmartin subaru chevrolet cayenne subaru montecarlo quattro rolls-royce chery caterham cayman civic chery optima lotus quattro opel jaguar durango jeep bentley trailblazer altima bedford infiniti rabbit rav lanver geely saab spectra coupe fiat caravan infiniti tacoma avant daewoo commander stratus ssangyong geely astonmartin mercedesbenz dodge amanti isuzu escalade pacifica eclipse scion wrangler chery alfaromeo wrangler allure pacifica rav quattro toyota porsche ssangyong chevrolet pickup abarth jaguar cabriolet bentley armada greatwall mini convertible sorento trailblazer subaru escalade altima bufori tata camry montecarlo commander chrysler quattro quattro tundra mitsubishi suzuki quattro zephyr coupe subaru highlander alfaromeo tacoma explorer bedford camry expedition eclipse eclipse explorer trailblazer rabbit sportage rav chevrolet caterham wrangler renault sebring hummer wagon chrysler maserati porsche jeep cadillac citroen highlander scion chevrolet trailblazer scion 4runner sorento mitsubishi stratus bentley tucson wagon infiniti wagon daewoo sportage sequoia jeep lotus renault spectra tata isuzu greatwall tacoma jeep accord volvo volvo mini amanti camry camry hino bolwell skoda sequoia cadillac rio rabbit solara alfaromeo zephyr azera spyker amanti tundra jeep mitsubishi tucson matrix rav proton chrysler mitsubishi porsche porsche rangerover avant mercedesbenz tundra caterham boxster camry lanver astonmartin terraza hummer coupe greatwall sportage cayman quattro escalade civic eclipse cayman citroen avalon spectra rolls-royce infiniti sebring tundra eclipse prius stratus lexus cayman sebring ssangyong expedition infiniti trailblazer equinox jaguar boxster escape montecarlo commander abarth saab lanver eclipse wrangler lotus austin altima scion chrysler stratus coupe citroen boxster camry pickup austin rangerover hummer fiat wrangler rio daihatsu cayenne allure chrysler accord accent tata accent bedford rabbit skoda chrysler greatwall hummer dodge fiat geely chevrolet altima rio sportage sportage bufori wagon austin quattro accent greatwall saab durango 4runner bentley greatwall 4runner jaguar expedition mini lexus accord abarth ssangyong escape porsche pickup taurus bolwell lotus explorer accord solara endeavor montecarlo daewoo bentley chery daewoo corolla allure suzuki chrysler sedona opel terraza stratus porsche cayman accord opel caravan caterham chevrolet subaru scion abarth durango alfaromeo armada austin tata mitsubishi sienna highlander civic prius sedona rangerover abarth isuzu lotus opel hummer citroen cayman scion amanti corolla prius sebring suzuki escalade corolla tata solara lanver mercedesbenz matrix sebring mini durango wrangler stratus abarth landrover camry expedition solara rangerover subaru coupe toyota volvo caravan viper hino sienna pacifica lanver convertible rangerover landrover bufori caterham astonmartin bolwell mitsubishi stratus tucson convertible proton sebring rio 4runner avalon highlander mitsubishi expedition altima proton taurus commander cayenne citroen quattro tacoma abarth escalade durango corolla trailblazer solara eclipse lexus commander quattro azera sorento chrysler quattro escalade camry geely terraza tundra escape tucson maserati spyker optima murano civic landrover suzuki volvo matrix suzuki corolla chery rav murano civic wrangler equinox bolwell sedona jaguar elantra solara corolla astonmartin avalon pacifica volvo astonmartin hummer highlander boxster bolwell fiat prius pacifica eclipse jeep maserati scion cabriolet spectra mini alfaromeo hino austin highlander camry quattro cayenne camry rabbit cayman solara isuzu optima cabriolet lexus jeep greatwall cayman tata caravan chery murano camry hummer renault chevrolet citroen trailblazer toyota fiat volvo zephyr mercedesbenz cayenne lexus daihatsu amanti lotus mitsubishi rabbit maserati civic armada durango montecarlo rabbit cayenne pacifica matrix camry bedford jaguar tacoma 4runner bentley hino porsche eclipse abarth jaguar jeep cadillac saab highlander convertible sebring lanver corolla stratus wrangler lanver azera taurus elantra cayman geely terraza civic renault rabbit sebring zephyr subaru azera cabriolet bolwell hummer tundra prius greatwall lanver jaguar caravan accent caterham pickup terraza terraza escape lexus camry spyker citroen prius rabbit lexus suzuki sebring lotus taurus rio eclipse subaru elantra daihatsu accord bufori bufori montecarlo jeep trailblazer maserati boxster accent scion pickup convertible equinox astonmartin hino ssangyong azera pickup spectra wagon coupe zephyr montecarlo mercedesbenz rav bolwell sorento abarth optima rio infiniti sienna cayenne cabriolet rolls-royce caterham lexus avalon lanver spyker wagon pacifica jaguar stratus jeep 4runner lotus cadillac optima citroen chrysler mercedesbenz altima sienna mercedesbenz landrover astonmartin tacoma geely explorer rabbit sorento chevrolet austin maserati hummer proton civic wagon avant hummer amanti rio 4runner geely mitsubishi quattro elantra accord quattro eclipse wrangler abarth lotus endeavor skoda landrover scion escape avalon spectra lanver cadillac escape montecarlo pacifica volvo citroen suzuki boxster jaguar terraza astonmartin renault escalade avalon equinox explorer scion explorer renault durango sienna dodge toyota optima solara sorento bentley trailblazer amanti allure proton rangerover accord proton sebring wrangler zephyr tucson pickup solara isuzu rangerover optima wagon avalon bolwell jeep skoda armada tata daewoo landrover sienna altima rabbit geely taurus avalon rio montecarlo boxster isuzu sorento convertible infiniti geely sedona infiniti quattro boxster abarth pickup hummer ssangyong equinox murano bentley highlander lanver equinox opel sebring jeep accent avalon alfaromeo suzuki daihatsu escalade geely quattro eclipse corolla scion bufori skoda pickup sienna volvo wagon pacifica mercedesbenz landrover hummer rio convertible fiat tata spyker prius convertible tata explorer saab tucson matrix daewoo expedition citroen landrover chery solara hino sorento convertible bedford terraza viper rangerover trailblazer altima tata sienna rio bentley prius cadillac greatwall sportage daewoo bedford alfaromeo landrover spyker cayenne bentley caravan pacifica spyker cayman solara solara porsche fiat 4runner daihatsu subaru maserati accent prius altima bolwell cadillac wrangler escape avant mitsubishi rabbit eclipse azera porsche tucson expedition cadillac commander bentley highlander commander tacoma sebring opel armada cayman sequoia hummer convertible camry pickup optima cayman sportage bedford subaru prius terraza cabriolet astonmartin pickup armada armada citroen commander jeep saab rav subaru caterham jaguar caravan lotus proton prius endeavor cadillac trailblazer landrover fiat avalon montecarlo opel tata 4runner eclipse ssangyong tucson scion fiat bentley coupe optima trailblazer tucson scion hino wrangler sebring tundra 4runner altima renault spyker armada sorento expedition cayenne ssangyong cayman tacoma boxster abarth highlander cadillac montecarlo murano caterham bedford convertible rav rangerover pickup bolwell infiniti cayenne bolwell armada mini accord wagon durango lexus azera viper chevrolet abarth wrangler murano corolla 4runner lexus allure spyker equinox murano chery civic volvo tucson rio armada sequoia caterham chery zephyr lanver austin rav pacifica ssangyong durango corolla bufori wrangler scion mercedesbenz volvo escape astonmartin convertible wagon toyota pickup wrangler rangerover bentley coupe caterham altima spyker proton bedford sebring pickup equinox avant commander chevrolet lexus tacoma corolla sorento greatwall escape caravan chrysler camry mini hino chery allure isuzu sportage pickup rangerover chrysler allure cabriolet optima escalade highlander suzuki geely porsche opel sportage landrover coupe solara rolls-royce spyker boxster optima avant allure equinox taurus hummer terraza accent mercedesbenz rav accord eclipse ssangyong maserati eclipse jaguar quattro chrysler alfaromeo cadillac commander spyker murano civic mini prius jaguar elantra rangerover armada durango sienna cadillac sebring lotus dodge azera daihatsu spyker infiniti endeavor rav corolla porsche landrover cadillac tata endeavor solara 4runner viper volvo durango sebring rio bufori lotus wrangler chevrolet amanti rolls-royce daihatsu durango elantra escalade renault isuzu renault pacifica opel landrover solara explorer sportage murano fiat rangerover durango accord 4runner mitsubishi stratus greatwall jeep jeep matrix mitsubishi optima saab opel amanti murano skoda opel landrover pickup skoda chevrolet caterham opel solara cayman cadillac austin azera ssangyong prius altima pickup fiat elantra alfaromeo mitsubishi scion solara tata prius spectra trailblazer trailblazer avalon citroen azera optima porsche daihatsu caravan durango renault montecarlo highlander rio avant murano mercedesbenz equinox corolla sedona commander bedford sorento sienna escape avant volvo bufori allure terraza elantra abarth bedford maserati optima accent sportage lotus citroen daewoo toyota zephyr bentley avant accent opel lanver azera rangerover corolla skoda boxster chrysler corolla camry rangerover bentley ssangyong rolls-royce geely convertible allure sedona amanti hummer mercedesbenz mercedesbenz tundra rangerover sedona sequoia elantra equinox murano lotus escape commander bentley eclipse eclipse volvo caterham avant lanver abarth tundra cayenne corolla bufori bentley geely eclipse hummer terraza accent matrix accent proton astonmartin endeavor greatwall tucson lexus trailblazer accent eclipse proton zephyr toyota tata renault avalon abarth equinox suzuki rabbit sequoia proton stratus cayman greatwall allure sorento corolla tata matrix coupe chevrolet daihatsu greatwall maserati caravan rolls-royce altima tacoma jaguar geely tata sienna cayenne sebring murano infiniti dodge tucson cadillac hummer chery camry caterham bolwell montecarlo hummer mini eclipse ssangyong highlander mitsubishi chevrolet chrysler ssangyong opel taurus astonmartin camry bufori chery rolls-royce bufori optima greatwall suzuki volvo toyota allure sportage sebring stratus armada quattro trailblazer hummer sorento caravan daihatsu accord convertible austin opel altima maserati sequoia prius abarth murano porsche avalon accord wagon hino tucson isuzu cabriolet quattro chery lanver pickup chrysler 4runner wagon mini explorer alfaromeo cayman endeavor elantra tata terraza prius renault volvo rolls-royce austin avalon astonmartin porsche pacifica rolls-royce alfaromeo armada rav cadillac murano geely sienna wagon expedition armada spectra sienna murano daewoo zephyr sienna highlander stratus astonmartin maserati cabriolet astonmartin caterham mitsubishi escape hino caterham daihatsu jeep pacifica solara tacoma spyker sebring rio altima daihatsu volvo opel wrangler accord terraza scion highlander camry cadillac escalade avant durango eclipse spyker boxster corolla amanti allure escalade boxster avalon rav matrix zephyr suzuki infiniti trailblazer tundra ssangyong optima tacoma expedition lanver elantra hino proton chrysler taurus viper camry avant rolls-royce lotus cayenne mercedesbenz avalon commander sedona optima elantra altima armada opel jeep opel bedford armada pickup eclipse commander durango taurus austin lotus highlander tundra dodge zephyr proton porsche montecarlo escalade accent elantra geely matrix saab sienna wagon sienna amanti cadillac avalon scion azera sienna abarth pickup proton suzuki daihatsu tata abarth optima commander spyker stratus astonmartin quattro avant taurus tata bentley sorento avant greatwall greatwall maserati bolwell accord sequoia opel highlander tata cadillac chevrolet civic spyker tundra allure murano caterham terraza elantra jaguar sedona mitsubishi maserati montecarlo abarth expedition porsche porsche dodge matrix coupe austin rolls-royce skoda civic montecarlo trailblazer corolla rangerover subaru boxster matrix accent armada daihatsu volvo elantra montecarlo tata sedona cayman greatwall terraza geely abarth saab bufori expedition camry abarth spyker austin avalon bentley sorento accord tucson optima sedona caravan dodge taurus mitsubishi terraza landrover commander accent wrangler daewoo chrysler maserati bedford geely rabbit renault wagon austin coupe rolls-royce rav proton solara terraza jaguar infiniti jaguar coupe lanver avalon isuzu caterham maserati abarth eclipse toyota rio opel escape durango skoda rio greatwall suzuki tundra porsche prius caravan montecarlo chevrolet rio tacoma escalade sebring matrix rolls-royce sequoia chevrolet durango stratus volvo caterham daihatsu jeep lotus hummer porsche cayenne hummer bolwell sedona cayman maserati rio rav sedona coupe accord cadillac civic cayenne cayenne hummer lanver solara accent tundra maserati tundra civic 4runner matrix matrix dodge zephyr subaru expedition sorento caterham bentley hino expedition sebring eclipse wagon bufori lexus trailblazer escape terraza sebring abarth tundra sportage corolla bentley suzuki eclipse cayenne pacifica montecarlo dodge taurus eclipse chevrolet quattro altima rolls-royce citroen rangerover accent viper sebring lanver lanver zephyr bolwell tata mercedesbenz sedona lanver sedona wagon opel quattro eclipse cabriolet subaru coupe quattro bentley volvo citroen montecarlo subaru taurus rolls-royce altima saab cayman matrix allure corolla expedition volvo sequoia endeavor saab skoda renault greatwall amanti prius tata chevrolet civic spectra spyker hummer chrysler quattro zephyr mini bufori escape skoda eclipse rio bentley explorer greatwall pacifica zephyr accord pickup hummer mercedesbenz solara escape volvo camry trailblazer suzuki hummer equinox toyota renault lexus trailblazer rabbit wagon corolla expedition bufori hino chrysler 4runner endeavor endeavor sebring renault geely daihatsu mini hummer viper caravan equinox tata bufori bentley opel mercedesbenz isuzu volvo greatwall greatwall suzuki lotus subaru jeep viper subaru rio 4runner altima daihatsu zephyr escalade escape murano saab tundra cadillac spyker optima mercedesbenz sequoia coupe corolla wagon rabbit pacifica sedona civic bedford porsche tucson subaru alfaromeo tata rav wrangler caravan tucson viper trailblazer scion boxster allure
