civic maserati sorento abarth mercedesbenz abarth rio quattro dodge greatwall wagon volvo lexus accord civic caterham cayman austin amanti lotus chevrolet daihatsu murano matrix civic lotus skoda lanver sebring highlander civic terraza subaru proton explorer explorer explorer greatwall elantra sorento geely solara subaru porsche austin infiniti altima stratus lexus lexus cayenne bufori pickup fiat avant astonmartin corolla lanver cayman avant wrangler caravan skoda spyker camry renault jaguar mitsubishi sienna rav cadillac optima zephyr taurus sequoia stratus tucson bolwell coupe pacifica bufori escape tata altima skoda prius scion volvo stratus avant chrysler hino bentley hino infiniti isuzu sportage armada hummer sebring maserati alfaromeo mercedesbenz tundra lexus pacifica suzuki montecarlo trailblazer rolls-royce renault bolwell alfaromeo wagon hino sportage elantra equinox tata pacifica isuzu prius elantra spectra scion mini austin convertible tucson geely matrix trailblazer pickup azera bedford saab escalade spyker saab 4runner chevrolet suzuki fiat tacoma isuzu murano infiniti sportage amanti maserati altima camry corolla corolla rav rolls-royce opel rangerover lanver trailblazer allure sebring durango spyker cabriolet opel dodge abarth avalon camry astonmartin bufori cayenne endeavor ssangyong durango sienna escalade porsche landrover rio wagon spectra bolwell spectra tundra tundra amanti cayman fiat bentley optima daewoo wrangler proton boxster stratus abarth armada rav tacoma mitsubishi jaguar dodge porsche durango highlander accord sequoia cabriolet chevrolet infiniti fiat landrover abarth bufori chery sienna opel rav sedona sportage maserati rabbit tundra bufori viper sebring skoda civic sportage ssangyong citroen toyota daewoo hummer renault saab terraza cabriolet sienna matrix amanti chevrolet rolls-royce accord tundra bentley civic wrangler prius lanver mercedesbenz mercedesbenz elantra austin trailblazer escalade allure mini boxster sebring saab mercedesbenz explorer sportage cabriolet greatwall rav endeavor viper matrix rolls-royce cabriolet chrysler optima volvo azera alfaromeo explorer wrangler volvo taurus escape corolla azera rio sienna eclipse highlander escape avalon eclipse highlander boxster austin suzuki escape hummer sportage greatwall bufori terraza elantra sienna solara taurus tucson prius greatwall sebring commander astonmartin sorento suzuki isuzu astonmartin rav mini endeavor jeep lexus murano bolwell fiat abarth porsche escape fiat hummer abarth sorento infiniti wrangler renault escalade corolla montecarlo austin alfaromeo sequoia sportage spectra astonmartin lexus armada cayman zephyr toyota lotus caterham sequoia rolls-royce lotus zephyr abarth expedition suzuki infiniti maserati suzuki hino accent matrix mercedesbenz rio chevrolet cadillac allure altima accord caravan caterham camry cadillac spyker mitsubishi sorento expedition bentley chrysler amanti boxster ssangyong pacifica corolla infiniti isuzu quattro porsche tundra spyker cabriolet explorer rav commander lanver scion accent 4runner expedition murano escalade cadillac mercedesbenz toyota 4runner mini hummer azera austin endeavor cayenne jeep austin sorento alfaromeo porsche rolls-royce bufori boxster maserati elantra matrix fiat amanti abarth azera jaguar quattro skoda sorento rabbit cabriolet skoda caterham cabriolet cayenne montecarlo astonmartin isuzu astonmartin spyker spectra tacoma sebring 4runner bolwell durango porsche mercedesbenz bentley opel zephyr prius murano pickup sebring hummer trailblazer ssangyong lotus bentley alfaromeo altima daihatsu 4runner solara alfaromeo rangerover rio altima elantra wrangler trailblazer accent sebring jeep wrangler wrangler chery cadillac explorer jaguar murano landrover bedford solara optima ssangyong montecarlo boxster rav greatwall saab subaru hino hino scion landrover rav sportage civic boxster landrover sienna chery bedford murano sportage cadillac taurus rav armada zephyr tata jaguar allure rav solara infiniti avant bentley escape volvo wagon maserati hummer sedona mitsubishi hino tacoma sequoia landrover chrysler camry accord coupe lanver saab murano cabriolet montecarlo mini azera optima toyota hino toyota daewoo allure escalade murano mitsubishi explorer astonmartin rolls-royce geely civic sportage dodge bedford durango pacifica camry montecarlo chery wagon equinox equinox civic armada jeep boxster solara daihatsu endeavor caterham alfaromeo porsche renault accent spyker altima lanver hummer tundra civic tacoma skoda tata daihatsu jeep rio caravan convertible trailblazer toyota opel matrix opel rabbit spyker endeavor rolls-royce saab commander cabriolet astonmartin austin endeavor rio renault pickup skoda hino highlander stratus mitsubishi bolwell sienna equinox ssangyong chrysler jaguar sorento skoda matrix stratus explorer taurus daewoo mini rolls-royce avalon civic convertible astonmartin pacifica cabriolet quattro escalade rav astonmartin bufori landrover caravan boxster isuzu wrangler cadillac endeavor isuzu sedona montecarlo boxster chrysler chery boxster matrix avant alfaromeo saab accord eclipse proton geely greatwall viper coupe toyota jaguar camry terraza landrover wagon avant mini solara avant caterham escalade elantra geely pacifica armada optima montecarlo proton infiniti escalade convertible terraza lotus cayman commander dodge camry taurus porsche spectra eclipse rav optima rabbit skoda murano avalon lanver greatwall jeep spectra opel amanti tucson explorer subaru eclipse chery trailblazer cayman zephyr subaru tacoma maserati corolla rolls-royce pacifica alfaromeo alfaromeo daewoo daewoo lotus daihatsu coupe greatwall montecarlo saab trailblazer expedition porsche abarth 4runner lanver endeavor cabriolet terraza bedford 4runner stratus alfaromeo wrangler 4runner bedford rangerover convertible hummer mercedesbenz daihatsu abarth sequoia escape bufori pacifica cabriolet eclipse zephyr toyota spectra 4runner wrangler escape tata astonmartin lexus jaguar porsche amanti maserati amanti allure bolwell daewoo landrover terraza sebring avant rabbit amanti jeep jeep armada 4runner highlander durango lotus murano rav skoda bolwell azera opel landrover infiniti skoda proton jeep 4runner mini rabbit wrangler lotus eclipse saab renault suzuki caravan cabriolet bedford sedona murano civic rabbit landrover spectra accent tucson amanti endeavor rolls-royce cayenne coupe rabbit tacoma murano proton murano austin wrangler commander sebring civic daewoo chery rolls-royce spyker daihatsu commander bentley tata bolwell tucson sebring bentley boxster montecarlo mercedesbenz suzuki corolla spectra dodge rolls-royce hummer subaru optima lotus bufori tucson tata sequoia rio quattro saab dodge prius montecarlo hummer hummer rav zephyr sebring chery endeavor renault volvo lotus wagon citroen sequoia allure tacoma lanver wrangler avant mini lanver rio maserati sebring tata cadillac sequoia expedition isuzu saab suzuki camry mini montecarlo chery avant avalon pacifica commander greatwall azera montecarlo opel mini lanver tucson toyota allure cadillac rangerover isuzu tacoma greatwall durango tata fiat lanver highlander bufori rolls-royce durango mini chevrolet skoda hummer armada prius bedford landrover murano civic landrover sedona montecarlo azera skoda tacoma austin solara allure daewoo infiniti expedition mitsubishi cabriolet sedona saab solara renault jaguar durango tucson pickup dodge chrysler infiniti wagon rangerover highlander zephyr convertible bufori toyota tacoma zephyr altima sedona hino saab bolwell ssangyong wrangler mercedesbenz highlander renault terraza spyker avalon accent chevrolet cadillac landrover ssangyong armada montecarlo coupe landrover escape 4runner trailblazer matrix mitsubishi jaguar hino chery matrix optima bufori avant suzuki daewoo wagon fiat terraza alfaromeo altima optima toyota solara proton renault stratus escape isuzu suzuki suzuki trailblazer tundra equinox spectra hino austin rav sorento volvo cayman elantra explorer citroen endeavor tacoma armada civic bedford greatwall tucson mini endeavor jaguar bentley caterham volvo fiat amanti durango tata civic coupe endeavor maserati eclipse landrover hummer ssangyong bufori isuzu renault tacoma maserati pickup opel chrysler daewoo saab sequoia cayenne avalon eclipse mercedesbenz cayman wagon alfaromeo sebring amanti scion scion spyker subaru sportage commander camry cadillac solara austin stratus coupe opel civic cadillac escalade skoda daewoo caravan wrangler chrysler rabbit quattro durango wrangler maserati trailblazer rolls-royce zephyr equinox opel optima armada zephyr durango infiniti rav tacoma 4runner bufori viper toyota camry caravan sequoia daewoo tundra expedition bentley rolls-royce allure highlander saab highlander citroen tata abarth solara wrangler sorento dodge wrangler sorento sebring pickup stratus eclipse commander austin stratus terraza accord murano azera skoda wagon volvo civic wrangler boxster tata mercedesbenz wagon maserati rav bolwell saab boxster commander elantra montecarlo bolwell cabriolet toyota spectra elantra fiat bentley rolls-royce prius montecarlo ssangyong coupe sportage allure cayman astonmartin scion suzuki explorer stratus accent rav spectra expedition mini dodge solara accord terraza fiat rabbit altima cayman viper prius rangerover ssangyong escape elantra astonmartin tucson chevrolet lotus sequoia boxster murano renault citroen accord armada durango armada pickup allure tacoma solara boxster solara citroen lanver amanti rav trailblazer volvo quattro tundra jeep citroen azera sedona tundra rabbit chevrolet montecarlo sedona volvo equinox tundra alfaromeo avalon skoda 4runner durango pacifica chery chery tacoma pickup sequoia jeep azera cabriolet sportage trailblazer rangerover dodge ssangyong hino camry endeavor sequoia coupe spectra maserati avant mini pacifica maserati landrover 4runner armada avalon spectra landrover wrangler maserati caravan hino bentley zephyr quattro trailblazer mercedesbenz caravan explorer terraza durango tucson citroen convertible infiniti expedition escape allure eclipse suzuki pacifica chrysler dodge sebring bolwell tata chrysler isuzu lanver accent commander opel boxster citroen armada tucson proton abarth tacoma cayman allure citroen rio rio bufori maserati rabbit zephyr subaru dodge saab highlander rangerover austin proton accent suzuki equinox escalade bolwell chevrolet amanti proton azera chevrolet porsche infiniti bedford escalade hummer lanver chevrolet cabriolet avant escape caterham terraza sebring azera bufori greatwall sportage sportage tundra corolla landrover daihatsu cayenne stratus geely spyker endeavor expedition endeavor mitsubishi cadillac skoda renault eclipse murano spectra lexus renault opel sequoia lotus sienna taurus montecarlo opel abarth renault civic alfaromeo cadillac azera volvo landrover tacoma tucson altima landrover daewoo renault citroen boxster bolwell bolwell rolls-royce abarth opel jeep cayman subaru sedona zephyr commander montecarlo fiat bolwell eclipse sedona citroen corolla expedition rolls-royce daewoo escalade rabbit infiniti wagon rolls-royce civic tacoma ssangyong viper subaru viper dodge commander sienna abarth accord mitsubishi viper sequoia chevrolet bentley opel suzuki dodge saab pacifica mini spectra austin maserati tacoma mitsubishi rav optima sorento corolla abarth viper sequoia highlander cayman murano proton escalade hummer murano lexus tucson renault tucson daewoo dodge ssangyong rav rabbit corolla cabriolet accent rio isuzu abarth dodge greatwall wagon coupe 4runner zephyr tundra avalon mini proton corolla saab bufori maserati escalade lexus sequoia rolls-royce lanver astonmartin mini cayman stratus proton matrix rolls-royce commander pickup caravan bufori volvo civic quattro altima tucson accent boxster amanti 4runner coupe corolla isuzu amanti bufori terraza scion camry rabbit bedford pacifica bolwell azera sebring civic greatwall wrangler wagon greatwall rangerover hino allure explorer terraza geely toyota rolls-royce suzuki quattro quattro spectra sportage tacoma suzuki equinox tacoma mitsubishi infiniti geely equinox lotus ssangyong sebring murano convertible ssangyong sorento hummer landrover commander coupe citroen amanti rabbit corolla viper citroen pickup wrangler camry highlander equinox infiniti viper boxster bufori isuzu renault bedford caravan tacoma corolla elantra landrover terraza pickup spectra rabbit prius spyker pickup hino isuzu hummer accord cayman altima greatwall proton armada viper lotus endeavor pickup avant sebring dodge montecarlo tundra convertible taurus altima abarth viper avalon rolls-royce prius trailblazer murano rangerover bolwell pacifica caravan fiat solara rav mercedesbenz durango tacoma geely daihatsu taurus alfaromeo sebring boxster rabbit prius pickup tundra landrover altima sportage elantra saab camry bedford cadillac pickup prius hino sorento coupe bedford altima suzuki chery durango terraza greatwall escape accord cabriolet landrover bentley commander sienna rabbit quattro viper subaru maserati murano equinox isuzu convertible solara suzuki pickup lexus convertible sienna trailblazer infiniti matrix abarth bentley rangerover caterham cabriolet subaru civic cayman rolls-royce lotus caravan amanti avant amanti altima sequoia tundra scion sportage rabbit highlander caterham pickup terraza spectra highlander tata austin chery eclipse bufori porsche caterham azera allure bolwell spyker hummer mitsubishi wagon astonmartin hummer taurus tata geely spyker armada commander sienna 4runner escape cayenne explorer geely taurus citroen avalon abarth caravan matrix geely elantra porsche murano bedford solara rabbit rolls-royce bufori citroen citroen abarth scion sienna highlander geely expedition rolls-royce hino zephyr spectra infiniti maserati pacifica expedition saab hummer sorento rolls-royce geely expedition equinox terraza sequoia mitsubishi citroen commander rabbit ssangyong chevrolet boxster prius terraza sienna explorer sedona elantra explorer stratus highlander abarth pacifica toyota proton daihatsu subaru scion trailblazer camry dodge coupe subaru prius corolla endeavor astonmartin taurus allure chery suzuki saab isuzu sienna taurus commander endeavor infiniti rio jaguar murano escape terraza lotus lotus lotus ssangyong bedford corolla caravan montecarlo sedona cayman saab sebring explorer bufori mitsubishi montecarlo jaguar hino maserati terraza chery convertible cabriolet austin proton bentley ssangyong rav tundra taurus daihatsu coupe endeavor spyker solara durango sedona citroen trailblazer taurus eclipse sequoia highlander rangerover caravan cayman caravan convertible daihatsu convertible chevrolet rio pickup tata explorer mitsubishi wagon explorer durango pacifica infiniti solara skoda mini tucson quattro astonmartin endeavor abarth chery cabriolet endeavor jaguar geely montecarlo spectra corolla sorento tacoma corolla coupe elantra mini dodge greatwall optima fiat durango corolla bolwell prius caterham trailblazer bolwell renault 4runner greatwall sebring tacoma alfaromeo tucson astonmartin suzuki highlander rangerover caravan daewoo caravan ssangyong bolwell wagon bolwell zephyr corolla jaguar altima avalon jaguar expedition accord convertible avant rabbit solara escape sorento greatwall civic eclipse escalade accord mercedesbenz rangerover cabriolet porsche spectra hino altima corolla caterham accord explorer mercedesbenz tata saab pickup chevrolet bufori wagon mini armada subaru tata chery astonmartin lotus tucson abarth durango tundra infiniti explorer hino chery suzuki mini azera scion accent daihatsu bolwell rabbit amanti escalade caravan renault sebring durango proton fiat allure altima landrover tata wrangler rio tucson chery saab trailblazer bufori spectra stratus sequoia rolls-royce hino zephyr astonmartin expedition bentley civic hummer viper tata bentley coupe isuzu isuzu sequoia hino zephyr rio armada landrover taurus mercedesbenz caravan altima sorento allure renault mercedesbenz lexus tundra maserati accent trailblazer proton mitsubishi geely isuzu quattro avalon porsche taurus abarth cayman elantra elantra cabriolet pickup allure equinox sedona camry astonmartin scion rav geely sequoia bentley accent montecarlo scion azera austin spectra bedford trailblazer spectra caravan sedona convertible taurus accord eclipse rabbit wrangler sebring murano porsche proton pacifica commander pickup fiat bentley civic convertible sedona isuzu azera wrangler maserati elantra cayman jeep isuzu rio accord sienna hummer escape pickup elantra bufori allure explorer prius suzuki isuzu sedona daewoo highlander boxster eclipse escalade escalade lanver opel avalon stratus expedition optima mini opel infiniti solara renault rangerover commander sportage scion sorento sedona sorento skoda camry bolwell coupe spectra chevrolet geely chery bentley rangerover mercedesbenz explorer amanti terraza optima altima renault bufori tata geely bedford equinox sportage lexus renault bedford tucson prius sorento quattro lotus trailblazer bentley altima rolls-royce cayenne sebring altima spyker infiniti subaru abarth sebring isuzu chrysler skoda tundra bentley bentley geely sebring montecarlo cayman mitsubishi caravan altima camry alfaromeo mitsubishi daewoo matrix jeep sebring proton armada prius solara chrysler solara tata viper scion mitsubishi highlander rolls-royce boxster austin sequoia caravan lotus maserati scion boxster astonmartin sedona daewoo sienna sequoia altima eclipse astonmartin optima matrix ssangyong cayman bufori durango wagon austin armada sebring abarth accord terraza hummer cayenne isuzu camry taurus taurus hummer optima terraza coupe infiniti endeavor boxster subaru tundra elantra sequoia caravan cadillac bentley rabbit cayman infiniti rav montecarlo rolls-royce boxster chevrolet montecarlo caravan daewoo lotus infiniti dodge subaru rabbit prius highlander volvo pickup zephyr chery escape mercedesbenz prius coupe astonmartin isuzu optima rav greatwall endeavor elantra saab mini optima murano 4runner jaguar highlander escalade terraza caterham pickup subaru bufori matrix sportage prius avalon highlander tata ssangyong allure tata saab equinox sequoia montecarlo sorento avalon proton volvo accord 4runner infiniti mercedesbenz alfaromeo subaru suzuki accent escape opel 4runner isuzu cadillac jeep sorento prius chery fiat cabriolet coupe murano citroen quattro escalade scion optima rav camry lexus viper astonmartin alfaromeo bedford astonmartin spectra infiniti greatwall citroen saab hino renault terraza solara rabbit daihatsu pacifica maserati dodge proton citroen renault porsche accord azera prius zephyr rabbit accord rangerover hino cayenne hino corolla lexus wrangler lexus civic tata elantra matrix sedona viper tata porsche convertible hummer proton landrover zephyr prius sienna porsche lotus coupe civic zephyr corolla cabriolet murano sienna rio optima landrover viper astonmartin explorer chrysler chrysler sebring 4runner bedford subaru azera jeep endeavor bufori altima pacifica fiat commander rio sedona renault bufori solara convertible tundra rolls-royce trailblazer tundra mitsubishi escape montecarlo quattro fiat 4runner sportage escalade porsche jeep rio proton stratus escalade maserati viper boxster tucson hummer daihatsu infiniti bedford isuzu tucson viper commander murano endeavor opel sorento subaru scion lanver convertible explorer spectra toyota abarth scion jeep alfaromeo accent sienna matrix rangerover amanti renault tacoma convertible camry sebring convertible daihatsu tacoma alfaromeo chevrolet corolla hummer eclipse bufori lexus viper chevrolet caterham escalade bentley trailblazer eclipse toyota mini caterham boxster viper civic cadillac landrover spectra durango altima ssangyong hummer mercedesbenz spyker tundra ssangyong 4runner scion jeep wrangler amanti infiniti bufori daihatsu murano tundra endeavor chery accord commander cadillac skoda convertible solara austin solara terraza rangerover accord hummer 4runner saab spyker subaru lexus jeep cayenne bentley tacoma sedona mercedesbenz scion lexus daewoo explorer scion trailblazer wrangler subaru chrysler opel landrover highlander mini avalon montecarlo azera pacifica boxster bedford rio viper alfaromeo explorer azera sienna daihatsu civic durango spectra astonmartin avant infiniti dodge accord spyker commander azera matrix camry mini civic cayenne ssangyong sienna bufori solara jaguar chery altima sebring optima suzuki wagon suzuki renault matrix explorer camry escalade solara wrangler renault pickup chery trailblazer cadillac corolla volvo montecarlo proton durango bedford armada matrix sienna highlander daihatsu stratus allure jeep solara taurus bufori scion commander mini chrysler optima daihatsu bedford wrangler caravan rio pickup murano expedition taurus lanver greatwall spectra chrysler pickup volvo murano accent volvo accent scion allure cadillac sedona tata camry tacoma rabbit azera toyota ssangyong commander proton escape spectra infiniti mercedesbenz subaru opel stratus saab avalon saab highlander coupe explorer trailblazer skoda wagon rangerover jaguar coupe azera sebring zephyr astonmartin convertible mini avalon convertible scion trailblazer cayenne dodge citroen hino rio taurus rangerover escalade bedford sorento jaguar abarth bedford porsche explorer rolls-royce toyota sebring alfaromeo spectra stratus jeep opel proton matrix hino cayman viper solara cadillac commander quattro caterham maserati terraza commander armada citroen taurus explorer rav maserati optima tucson dodge rav corolla sequoia volvo bufori solara sorento cadillac renault cayman allure astonmartin sorento rav isuzu bedford convertible elantra tacoma bedford rav hummer viper daihatsu zephyr skoda lotus landrover skoda commander convertible avant 4runner isuzu optima prius sequoia pickup cadillac pickup astonmartin mercedesbenz durango sienna mitsubishi bentley daihatsu hino azera skoda suzuki rio sienna coupe azera armada wrangler spyker bufori corolla escalade corolla sorento avalon rav 4runner quattro maserati bedford azera tucson matrix armada corolla cayman cayenne sportage infiniti coupe chevrolet caterham sebring spectra rio trailblazer austin commander lexus lotus accent tundra elantra sebring alfaromeo 4runner rolls-royce sebring stratus optima isuzu explorer mercedesbenz pickup elantra equinox dodge elantra sorento civic infiniti boxster terraza escape jeep jeep suzuki eclipse tucson commander chrysler avalon camry bolwell wrangler greatwall allure sportage rangerover viper avant terraza renault explorer sienna coupe jeep convertible hino porsche rangerover equinox spectra altima allure volvo renault saab quattro taurus austin amanti mitsubishi sienna amanti accent cadillac taurus rolls-royce equinox equinox pickup lexus tundra rio chery eclipse rav rabbit sportage rolls-royce azera camry fiat commander allure saab scion mitsubishi sorento hino terraza pacifica fiat zephyr avant tata camry hummer chery camry mitsubishi proton solara taurus solara caravan daewoo chrysler durango geely dodge escalade volvo spyker accord viper lexus taurus sebring renault durango cadillac sorento allure murano suzuki bolwell corolla sportage geely toyota altima taurus caravan greatwall saab pickup opel pacifica suzuki sienna stratus lanver rangerover tata cadillac convertible tundra rangerover explorer escalade suzuki spyker chery bedford wagon prius chrysler terraza cayenne hino matrix trailblazer equinox mitsubishi avant pacifica caravan daewoo tucson escalade proton fiat rav daihatsu tucson bedford durango tucson citroen pickup elantra bedford accent avant camry fiat opel rabbit caravan proton rolls-royce sorento coupe boxster matrix caravan ssangyong cabriolet sportage lanver sebring astonmartin optima daewoo volvo wrangler hino tucson avant elantra lanver mini avant saab coupe lexus caravan caravan bedford corolla bedford armada cadillac rav caravan porsche caravan accord solara lexus pickup elantra dodge spyker jeep caterham lexus sedona prius fiat sienna mini expedition rabbit rav solara mitsubishi equinox infiniti montecarlo highlander avant sedona geely proton elantra azera murano suzuki dodge prius bufori durango avant abarth sedona durango sebring terraza amanti taurus cadillac wrangler escalade jaguar abarth trailblazer terraza sequoia astonmartin chrysler volvo cayenne taurus rabbit citroen lotus skoda highlander sequoia trailblazer escalade optima equinox austin toyota endeavor 4runner lexus lotus lanver tundra expedition caravan hino bolwell jaguar lexus matrix citroen rangerover sienna cadillac spectra bufori sportage volvo bufori accent jaguar toyota cayenne jaguar 4runner landrover spyker corolla lexus jeep lanver bolwell allure zephyr zephyr bentley tucson rav accord tundra chevrolet chery camry subaru hummer wagon toyota wrangler cadillac rangerover landrover sorento mercedesbenz escalade mitsubishi rav bolwell montecarlo armada tata escalade sequoia sienna armada jaguar accent sienna subaru tacoma escalade montecarlo tacoma spectra sorento greatwall commander landrover escalade tacoma mercedesbenz matrix trailblazer suzuki hummer terraza cabriolet camry fiat amanti cabriolet armada convertible armada saab mercedesbenz rangerover hino rabbit cayenne renault jeep bentley rabbit landrover greatwall 4runner spectra cadillac azera civic rangerover landrover chrysler scion skoda mini sequoia boxster tata landrover pacifica hino jaguar caterham abarth solara tundra lexus ssangyong subaru escalade tata alfaromeo escape corolla convertible caravan expedition wagon viper fiat avalon eclipse altima altima tata amanti daihatsu astonmartin alfaromeo quattro suzuki viper eclipse chevrolet stratus jeep mercedesbenz scion bufori zephyr sedona escape montecarlo saab highlander matrix matrix quattro caravan explorer scion cayenne tucson chery spyker cayenne caterham optima durango convertible mitsubishi endeavor escalade avalon amanti equinox caravan mini greatwall rolls-royce viper infiniti corolla tata commander expedition quattro optima isuzu hummer tucson terraza suzuki daihatsu murano mercedesbenz bufori rolls-royce accord hino corolla mercedesbenz solara austin subaru sienna pacifica greatwall dodge dodge viper altima bedford jaguar chery landrover taurus montecarlo hino convertible expedition skoda astonmartin scion cayenne pickup pacifica durango murano maserati isuzu equinox taurus tundra allure accent bolwell subaru corolla sorento murano mercedesbenz durango maserati wagon accord taurus wrangler montecarlo amanti tundra mitsubishi zephyr rolls-royce jeep rav jeep lexus camry sequoia fiat tundra cayenne optima sienna boxster saab spectra toyota alfaromeo escape camry alfaromeo jaguar austin stratus wrangler rangerover accord bufori matrix isuzu highlander jaguar stratus optima suzuki dodge rolls-royce geely volvo toyota opel bedford coupe geely wagon mitsubishi daihatsu allure lotus equinox mercedesbenz cayman tacoma avalon caterham rolls-royce daewoo sequoia jaguar spyker daewoo saab sedona hino boxster tata escalade expedition commander allure taurus cayenne wagon porsche daihatsu mini montecarlo optima endeavor cayman cabriolet suzuki maserati toyota highlander matrix highlander rio jaguar scion cayman avant geely expedition wrangler renault lanver avalon quattro taurus ssangyong mitsubishi tundra cabriolet escalade geely spectra prius saab renault volvo scion lanver citroen sebring stratus saab prius bentley chrysler jeep bentley spyker mitsubishi sedona citroen zephyr expedition cayman 4runner chevrolet matrix opel elantra lanver lotus trailblazer proton subaru durango pickup cayman proton equinox bufori terraza stratus sorento azera rabbit sorento wagon accent rolls-royce escalade accent opel skoda elantra optima matrix chevrolet lotus hino escape abarth lanver toyota escape spectra astonmartin durango cayman opel matrix rio cayenne astonmartin caterham alfaromeo opel citroen astonmartin quattro highlander subaru sienna tata cayman lanver lanver avant mitsubishi boxster convertible chevrolet lanver 4runner tundra escalade sedona tacoma durango convertible viper scion bedford bolwell accent dodge prius commander durango elantra terraza trailblazer tucson wagon convertible murano proton tundra corolla wagon jaguar skoda ssangyong avant skoda landrover daihatsu amanti caravan chrysler durango saab wrangler durango rav abarth accent chevrolet bolwell altima pickup hino civic chevrolet tacoma porsche accord quattro azera cabriolet caterham viper tata tundra dodge camry wagon coupe volvo expedition mitsubishi sequoia altima lanver greatwall terraza commander daewoo cayman rabbit spectra optima cayman maserati taurus toyota spectra boxster tata lotus maserati boxster murano spyker skoda pacifica elantra allure chery volvo camry greatwall accent sequoia sienna sienna armada ssangyong sequoia landrover subaru murano lexus ssangyong terraza commander coupe chevrolet trailblazer alfaromeo bolwell bedford civic abarth abarth proton azera solara austin subaru cayenne jaguar avalon citroen trailblazer highlander mercedesbenz rangerover daewoo rolls-royce cayenne chrysler altima allure citroen durango mercedesbenz tata accent accent fiat citroen expedition azera bedford rio spyker toyota daihatsu skoda bedford hummer porsche daihatsu fiat boxster escape rolls-royce infiniti toyota zephyr avalon rav explorer cadillac sienna accord tundra toyota dodge convertible accord mercedesbenz quattro trailblazer cayman mini quattro 4runner volvo abarth rav mini opel matrix armada chrysler lanver altima viper taurus stratus optima cadillac coupe bufori wagon azera rolls-royce hino allure porsche sedona caravan accent 4runner astonmartin endeavor rolls-royce jeep landrover azera caravan cayman sorento solara geely avalon trailblazer opel volvo subaru endeavor lanver tata montecarlo bedford equinox cabriolet rav stratus escape solara cayenne corolla civic citroen rabbit rav bedford porsche jaguar spyker terraza volvo subaru avalon tucson escape renault optima corolla spectra infiniti citroen escalade stratus isuzu tucson solara lanver sorento proton durango elantra caterham isuzu saab quattro bedford accord endeavor dodge geely astonmartin infiniti landrover infiniti amanti sorento equinox durango toyota caterham tacoma porsche jeep bufori isuzu taurus sienna matrix suzuki mini toyota bentley civic alfaromeo bolwell escalade geely suzuki pacifica convertible scion elantra skoda trailblazer caterham saab accord boxster proton bufori optima renault ssangyong rangerover chevrolet dodge jeep caterham subaru cadillac camry accent opel pickup bedford skoda opel cayenne lanver chevrolet hummer bedford rolls-royce cabriolet hino landrover civic mercedesbenz highlander bufori rolls-royce optima tacoma cayenne mini maserati scion allure taurus scion solara suzuki prius ssangyong saab expedition subaru isuzu quattro maserati viper matrix rav tundra pickup sequoia convertible hummer solara cayenne sebring solara lanver endeavor camry montecarlo fiat bufori astonmartin cabriolet wagon daihatsu proton citroen lexus mini wrangler abarth corolla cadillac allure eclipse scion greatwall hummer hino murano rabbit infiniti sedona greatwall amanti hummer coupe allure subaru bolwell renault chery proton sebring explorer hino cayenne dodge astonmartin dodge geely abarth geely hino escape expedition renault rolls-royce montecarlo porsche tacoma saab allure civic maserati astonmartin ssangyong mini pacifica montecarlo cadillac durango daihatsu eclipse wagon geely scion escalade chery wrangler lexus chevrolet tucson caterham subaru tucson fiat boxster mitsubishi sequoia coupe endeavor accent accent caravan sedona avalon bolwell cabriolet avant bolwell sportage daihatsu accord rolls-royce highlander infiniti porsche sorento explorer subaru jaguar matrix avalon sebring mitsubishi caterham renault prius spyker subaru tucson hino endeavor escape volvo dodge porsche azera highlander sportage altima taurus coupe avant isuzu amanti hino chevrolet matrix lanver scion zephyr geely subaru austin mitsubishi hino lotus armada allure scion elantra terraza expedition cayenne wagon terraza cayman maserati coupe fiat prius cadillac porsche spectra citroen daihatsu tundra camry stratus pickup durango sequoia geely 4runner chery escape volvo isuzu renault hino mitsubishi highlander rabbit terraza landrover proton escalade highlander civic lotus caravan cadillac skoda citroen saab viper sebring saab mitsubishi sebring greatwall avant boxster spyker spectra tundra rangerover landrover spectra cadillac sebring hino tucson bentley highlander quattro spyker wrangler wagon citroen tundra abarth civic rio bedford dodge suzuki opel mitsubishi tundra chrysler infiniti subaru rav daihatsu solara fiat abarth infiniti corolla avant toyota cabriolet maserati daewoo stratus murano dodge cayman abarth trailblazer sequoia mini stratus ssangyong daihatsu stratus citroen toyota quattro abarth cadillac caterham astonmartin cayenne equinox austin daewoo daihatsu bentley rav optima pacifica amanti geely civic azera volvo equinox trailblazer caterham skoda landrover murano endeavor amanti elantra sequoia eclipse zephyr hummer convertible sebring wrangler montecarlo lotus hummer durango bolwell sequoia camry saab sequoia zephyr accent sedona trailblazer escalade trailblazer endeavor montecarlo escape wrangler rolls-royce endeavor caravan maserati spyker explorer rolls-royce cayman prius pacifica abarth rav rangerover opel rangerover armada chrysler lexus maserati wrangler maserati altima abarth quattro rio zephyr renault expedition rav infiniti mitsubishi daihatsu bedford wrangler highlander durango bolwell sorento escape accent 4runner optima durango accord jeep caravan proton expedition armada porsche porsche cayenne maserati chrysler spectra montecarlo caterham eclipse infiniti escape tacoma caterham pickup spectra hino tacoma greatwall pickup sienna taurus fiat trailblazer montecarlo austin sebring volvo stratus mercedesbenz tundra trailblazer chrysler sebring commander civic mercedesbenz explorer boxster convertible trailblazer equinox taurus zephyr porsche sedona isuzu montecarlo convertible eclipse lexus mercedesbenz tucson durango saab caravan civic dodge abarth tucson daewoo greatwall citroen proton equinox taurus accord austin tucson tacoma prius hino spectra sebring pacifica boxster 4runner expedition daihatsu escalade suzuki spectra highlander austin wagon explorer chrysler hummer alfaromeo pacifica optima wrangler rio suzuki cadillac tata sorento lexus cabriolet rav mini caterham citroen mini geely mini sedona solara caravan civic boxster solara bufori abarth sorento bedford hino isuzu isuzu sienna corolla bedford corolla astonmartin terraza accent bentley prius avalon matrix citroen lexus solara mitsubishi caterham optima rangerover murano tata scion subaru camry escape dodge hino pacifica daihatsu skoda camry citroen altima sedona montecarlo boxster hummer rav daihatsu sienna equinox zephyr abarth tundra civic rio convertible stratus mini spyker infiniti montecarlo amanti geely corolla amanti rabbit wagon tacoma saab rav
